Archive member included to satisfy reference by file (symbol)

e:\5\Close_Loop_Stepper_Driver\Code\build\core\core.a(startup_stm32yyxx.S.o)
                              (Reset_Handler)
e:\5\Close_Loop_Stepper_Driver\Code\build\core\core.a(wiring_analog.c.o)
                              e:\5\Close_Loop_Stepper_Driver\Code\build\sketch\Encoder.cpp.o (analogReadResolution)
e:\5\Close_Loop_Stepper_Driver\Code\build\core\core.a(wiring_digital.c.o)
                              e:\5\Close_Loop_Stepper_Driver\Code\build\sketch\AS5600_IIC.cpp.o (pinMode)
e:\5\Close_Loop_Stepper_Driver\Code\build\core\core.a(wiring_time.c.o)
                              e:\5\Close_Loop_Stepper_Driver\Code\build\sketch\PID_v1.cpp.o (millis)
e:\5\Close_Loop_Stepper_Driver\Code\build\core\core.a(HardwareSerial.cpp.o)
                              e:\5\Close_Loop_Stepper_Driver\Code\build\sketch\CMD.cpp.o (HardwareSerial::available())
e:\5\Close_Loop_Stepper_Driver\Code\build\core\core.a(HardwareTimer.cpp.o)
                              e:\5\Close_Loop_Stepper_Driver\Code\build\sketch\MyTimer.cpp.o (HardwareTimer::resume())
e:\5\Close_Loop_Stepper_Driver\Code\build\core\core.a(Print.cpp.o)
                              e:\5\Close_Loop_Stepper_Driver\Code\build\libraries\Adafruit_GFX_Library\Adafruit_GFX.cpp.o (Print::write(unsigned char const*, unsigned int))
e:\5\Close_Loop_Stepper_Driver\Code\build\core\core.a(Stream.cpp.o)
                              e:\5\Close_Loop_Stepper_Driver\Code\build\libraries\Wire\Wire.cpp.o (Stream::readBytes(char*, unsigned int))
e:\5\Close_Loop_Stepper_Driver\Code\build\core\core.a(WString.cpp.o)
                              e:\5\Close_Loop_Stepper_Driver\Code\build\sketch\Code.ino.cpp.o (String::~String())
e:\5\Close_Loop_Stepper_Driver\Code\build\core\core.a(abi.cpp.o)
                              e:\5\Close_Loop_Stepper_Driver\Code\build\libraries\Adafruit_GFX_Library\Adafruit_GFX.cpp.o (__cxa_pure_virtual)
e:\5\Close_Loop_Stepper_Driver\Code\build\core\core.a(main.cpp.o)
                              c:/users/administrator/appdata/local/arduino15/packages/stm32/tools/xpack-arm-none-eabi-gcc/9.2.1-1.1/bin/../lib/gcc/arm-none-eabi/9.2.1/../../../../arm-none-eabi/lib/thumb/v7e-m+fp/hard/crt0.o (main)
e:\5\Close_Loop_Stepper_Driver\Code\build\core\core.a(new.cpp.o)
                              e:\5\Close_Loop_Stepper_Driver\Code\build\sketch\MyTimer.cpp.o (operator new(unsigned int))
e:\5\Close_Loop_Stepper_Driver\Code\build\core\core.a(dtostrf.c.o)
                              e:\5\Close_Loop_Stepper_Driver\Code\build\core\core.a(WString.cpp.o) (dtostrf)
e:\5\Close_Loop_Stepper_Driver\Code\build\core\core.a(board.c.o)
                              e:\5\Close_Loop_Stepper_Driver\Code\build\core\core.a(main.cpp.o) (init)
e:\5\Close_Loop_Stepper_Driver\Code\build\core\core.a(hooks.c.o)
                              e:\5\Close_Loop_Stepper_Driver\Code\build\core\core.a(wiring_time.c.o) (yield)
e:\5\Close_Loop_Stepper_Driver\Code\build\core\core.a(itoa.c.o)
                              e:\5\Close_Loop_Stepper_Driver\Code\build\core\core.a(WString.cpp.o) (ltoa)
e:\5\Close_Loop_Stepper_Driver\Code\build\core\core.a(pins_arduino.c.o)
                              e:\5\Close_Loop_Stepper_Driver\Code\build\core\core.a(wiring_analog.c.o) (analogInputToPinName)
c:/users/administrator/appdata/local/arduino15/packages/stm32/tools/xpack-arm-none-eabi-gcc/9.2.1-1.1/bin/../lib/gcc/arm-none-eabi/9.2.1/../../../../arm-none-eabi/lib/thumb/v7e-m+fp/hard\libc_nano.a(lib_a-atof.o)
                              e:\5\Close_Loop_Stepper_Driver\Code\build\core\core.a(WString.cpp.o) (atof)
c:/users/administrator/appdata/local/arduino15/packages/stm32/tools/xpack-arm-none-eabi-gcc/9.2.1-1.1/bin/../lib/gcc/arm-none-eabi/9.2.1/../../../../arm-none-eabi/lib/thumb/v7e-m+fp/hard\libc_nano.a(lib_a-atol.o)
                              e:\5\Close_Loop_Stepper_Driver\Code\build\core\core.a(WString.cpp.o) (atol)
c:/users/administrator/appdata/local/arduino15/packages/stm32/tools/xpack-arm-none-eabi-gcc/9.2.1-1.1/bin/../lib/gcc/arm-none-eabi/9.2.1/../../../../arm-none-eabi/lib/thumb/v7e-m+fp/hard\libc_nano.a(lib_a-exit.o)
                              c:/users/administrator/appdata/local/arduino15/packages/stm32/tools/xpack-arm-none-eabi-gcc/9.2.1-1.1/bin/../lib/gcc/arm-none-eabi/9.2.1/../../../../arm-none-eabi/lib/thumb/v7e-m+fp/hard/crt0.o (exit)
c:/users/administrator/appdata/local/arduino15/packages/stm32/tools/xpack-arm-none-eabi-gcc/9.2.1-1.1/bin/../lib/gcc/arm-none-eabi/9.2.1/../../../../arm-none-eabi/lib/thumb/v7e-m+fp/hard\libc_nano.a(lib_a-impure.o)
                              c:/users/administrator/appdata/local/arduino15/packages/stm32/tools/xpack-arm-none-eabi-gcc/9.2.1-1.1/bin/../lib/gcc/arm-none-eabi/9.2.1/../../../../arm-none-eabi/lib/thumb/v7e-m+fp/hard\libc_nano.a(lib_a-exit.o) (_global_impure_ptr)
[...]
Memory Configuration

Name             Origin             Length             Attributes
FLASH            0x08000000         0x00080000         xr
RAM              0x20000000         0x00010000         xrw
*default*        0x00000000         0xffffffff

Linker script and memory map

LOAD c:/users/administrator/appdata/local/arduino15/packages/stm32/tools/xpack-arm-none-eabi-gcc/9.2.1-1.1/bin/../lib/gcc/arm-none-eabi/9.2.1/thumb/v7e-m+fp/hard/crti.o
LOAD c:/users/administrator/appdata/local/arduino15/packages/stm32/tools/xpack-arm-none-eabi-gcc/9.2.1-1.1/bin/../lib/gcc/arm-none-eabi/9.2.1/thumb/v7e-m+fp/hard/crtbegin.o
LOAD c:/users/administrator/appdata/local/arduino15/packages/stm32/tools/xpack-arm-none-eabi-gcc/9.2.1-1.1/bin/../lib/gcc/arm-none-eabi/9.2.1/../../../../arm-none-eabi/lib/thumb/v7e-m+fp/hard/crt0.o
                0x00000000                LD_FLASH_OFFSET = 0x0
                0x00080000                LD_MAX_SIZE = 0x80000
                0x00010000                LD_MAX_DATA_SIZE = 0x10000
LOAD C:\Users\Administrator\AppData\Local\Arduino15\packages\STM32\tools\CMSIS\5.5.1/CMSIS/DSP/Lib/GCC/\libarm_cortexM4lf_math.a
START GROUP
LOAD e:\5\Close_Loop_Stepper_Driver\Code\build\sketch\AS5600_IIC.cpp.o
LOAD e:\5\Close_Loop_Stepper_Driver\Code\build\sketch\CMD.cpp.o
LOAD e:\5\Close_Loop_Stepper_Driver\Code\build\sketch\Code.ino.cpp.o
LOAD e:\5\Close_Loop_Stepper_Driver\Code\build\sketch\Encoder.cpp.o
LOAD e:\5\Close_Loop_Stepper_Driver\Code\build\sketch\MyTimer.cpp.o
LOAD e:\5\Close_Loop_Stepper_Driver\Code\build\sketch\PID.cpp.o
LOAD e:\5\Close_Loop_Stepper_Driver\Code\build\sketch\PID_v1.cpp.o
LOAD e:\5\Close_Loop_Stepper_Driver\Code\build\sketch\SrcWrapper.cpp.o
LOAD e:\5\Close_Loop_Stepper_Driver\Code\build\sketch\Stepper.cpp.o
LOAD e:\5\Close_Loop_Stepper_Driver\Code\build\sketch\UI.cpp.o
LOAD e:\5\Close_Loop_Stepper_Driver\Code\build\libraries\SrcWrapper\syscalls.c.o
LOAD e:\5\Close_Loop_Stepper_Driver\Code\build\libraries\SrcWrapper\HAL\stm32yyxx_hal.c.o
LOAD e:\5\Close_Loop_Stepper_Driver\Code\build\libraries\SrcWrapper\HAL\stm32yyxx_hal_adc.c.o
LOAD e:\5\Close_Loop_Stepper_Driver\Code\build\libraries\SrcWrapper\HAL\stm32yyxx_hal_adc_ex.c.o
LOAD e:\5\Close_Loop_Stepper_Driver\Code\build\libraries\SrcWrapper\HAL\stm32yyxx_hal_can.c.o
LOAD e:\5\Close_Loop_Stepper_Driver\Code\build\libraries\SrcWrapper\HAL\stm32yyxx_hal_cec.c.o
LOAD e:\5\Close_Loop_Stepper_Driver\Code\build\libraries\SrcWrapper\HAL\stm32yyxx_hal_comp.c.o
LOAD e:\5\Close_Loop_Stepper_Driver\Code\build\libraries\SrcWrapper\HAL\stm32yyxx_hal_comp_ex.c.o
LOAD e:\5\Close_Loop_Stepper_Driver\Code\build\libraries\SrcWrapper\HAL\stm32yyxx_hal_cordic.c.o
LOAD e:\5\Close_Loop_Stepper_Driver\Code\build\libraries\SrcWrapper\HAL\stm32yyxx_hal_cortex.c.o
LOAD e:\5\Close_Loop_Stepper_Driver\Code\build\libraries\SrcWrapper\HAL\stm32yyxx_hal_crc.c.o
LOAD e:\5\Close_Loop_Stepper_Driver\Code\build\libraries\SrcWrapper\HAL\stm32yyxx_hal_crc_ex.c.o
LOAD e:\5\Close_Loop_Stepper_Driver\Code\build\libraries\SrcWrapper\HAL\stm32yyxx_hal_cryp.c.o
LOAD e:\5\Close_Loop_Stepper_Driver\Code\build\libraries\SrcWrapper\HAL\stm32yyxx_hal_cryp_ex.c.o
LOAD e:\5\Close_Loop_Stepper_Driver\Code\build\libraries\SrcWrapper\HAL\stm32yyxx_hal_dac.c.o
LOAD e:\5\Close_Loop_Stepper_Driver\Code\build\libraries\SrcWrapper\HAL\stm32yyxx_hal_dac_ex.c.o
LOAD e:\5\Close_Loop_Stepper_Driver\Code\build\libraries\SrcWrapper\HAL\stm32yyxx_hal_dcmi.c.o
LOAD e:\5\Close_Loop_Stepper_Driver\Code\build\libraries\SrcWrapper\HAL\stm32yyxx_hal_dcmi_ex.c.o
LOAD e:\5\Close_Loop_Stepper_Driver\Code\build\libraries\SrcWrapper\HAL\stm32yyxx_hal_dfsdm.c.o
LOAD e:\5\Close_Loop_Stepper_Driver\Code\build\libraries\SrcWrapper\HAL\stm32yyxx_hal_dfsdm_ex.c.o
LOAD e:\5\Close_Loop_Stepper_Driver\Code\build\libraries\SrcWrapper\HAL\stm32yyxx_hal_dma.c.o
LOAD e:\5\Close_Loop_Stepper_Driver\Code\build\libraries\SrcWrapper\HAL\stm32yyxx_hal_dma2d.c.o
LOAD e:\5\Close_Loop_Stepper_Driver\Code\build\libraries\SrcWrapper\HAL\stm32yyxx_hal_dma_ex.c.o
LOAD e:\5\Close_Loop_Stepper_Driver\Code\build\libraries\SrcWrapper\HAL\stm32yyxx_hal_dsi.c.o
LOAD e:\5\Close_Loop_Stepper_Driver\Code\build\libraries\SrcWrapper\HAL\stm32yyxx_hal_eth.c.o
LOAD e:\5\Close_Loop_Stepper_Driver\Code\build\libraries\SrcWrapper\HAL\stm32yyxx_hal_eth_ex.c.o
LOAD e:\5\Close_Loop_Stepper_Driver\Code\build\libraries\SrcWrapper\HAL\stm32yyxx_hal_exti.c.o
LOAD e:\5\Close_Loop_Stepper_Driver\Code\build\libraries\SrcWrapper\HAL\stm32yyxx_hal_fdcan.c.o
LOAD e:\5\Close_Loop_Stepper_Driver\Code\build\libraries\SrcWrapper\HAL\stm32yyxx_hal_firewall.c.o
LOAD e:\5\Close_Loop_Stepper_Driver\Code\build\libraries\SrcWrapper\HAL\stm32yyxx_hal_flash.c.o
LOAD e:\5\Close_Loop_Stepper_Driver\Code\build\libraries\SrcWrapper\HAL\stm32yyxx_hal_flash_ex.c.o
LOAD e:\5\Close_Loop_Stepper_Driver\Code\build\libraries\SrcWrapper\HAL\stm32yyxx_hal_flash_ramfunc.c.o
LOAD e:\5\Close_Loop_Stepper_Driver\Code\build\libraries\SrcWrapper\HAL\stm32yyxx_hal_fmac.c.o
LOAD e:\5\Close_Loop_Stepper_Driver\Code\build\libraries\SrcWrapper\HAL\stm32yyxx_hal_fmpi2c.c.o
LOAD e:\5\Close_Loop_Stepper_Driver\Code\build\libraries\SrcWrapper\HAL\stm32yyxx_hal_fmpi2c_ex.c.o
LOAD e:\5\Close_Loop_Stepper_Driver\Code\build\libraries\SrcWrapper\HAL\stm32yyxx_hal_gfxmmu.c.o
LOAD e:\5\Close_Loop_Stepper_Driver\Code\build\libraries\SrcWrapper\HAL\stm32yyxx_hal_gpio.c.o
LOAD e:\5\Close_Loop_Stepper_Driver\Code\build\libraries\SrcWrapper\HAL\stm32yyxx_hal_gpio_ex.c.o
LOAD e:\5\Close_Loop_Stepper_Driver\Code\build\libraries\SrcWrapper\HAL\stm32yyxx_hal_hash.c.o
LOAD e:\5\Close_Loop_Stepper_Driver\Code\build\libraries\SrcWrapper\HAL\stm32yyxx_hal_hash_ex.c.o
LOAD e:\5\Close_Loop_Stepper_Driver\Code\build\libraries\SrcWrapper\HAL\stm32yyxx_hal_hcd.c.o
LOAD e:\5\Close_Loop_Stepper_Driver\Code\build\libraries\SrcWrapper\HAL\stm32yyxx_hal_hrtim.c.o
LOAD e:\5\Close_Loop_Stepper_Driver\Code\build\libraries\SrcWrapper\HAL\stm32yyxx_hal_hsem.c.o
LOAD e:\5\Close_Loop_Stepper_Driver\Code\build\libraries\SrcWrapper\HAL\stm32yyxx_hal_i2c.c.o
LOAD e:\5\Close_Loop_Stepper_Driver\Code\build\libraries\SrcWrapper\HAL\stm32yyxx_hal_i2c_ex.c.o
LOAD e:\5\Close_Loop_Stepper_Driver\Code\build\libraries\SrcWrapper\HAL\stm32yyxx_hal_i2s.c.o
LOAD e:\5\Close_Loop_Stepper_Driver\Code\build\libraries\SrcWrapper\HAL\stm32yyxx_hal_i2s_ex.c.o
LOAD e:\5\Close_Loop_Stepper_Driver\Code\build\libraries\SrcWrapper\HAL\stm32yyxx_hal_ipcc.c.o
LOAD e:\5\Close_Loop_Stepper_Driver\Code\build\libraries\SrcWrapper\HAL\stm32yyxx_hal_irda.c.o
LOAD e:\5\Close_Loop_Stepper_Driver\Code\build\libraries\SrcWrapper\HAL\stm32yyxx_hal_iwdg.c.o
LOAD e:\5\Close_Loop_Stepper_Driver\Code\build\libraries\SrcWrapper\HAL\stm32yyxx_hal_jpeg.c.o
LOAD e:\5\Close_Loop_Stepper_Driver\Code\build\libraries\SrcWrapper\HAL\stm32yyxx_hal_lcd.c.o
LOAD e:\5\Close_Loop_Stepper_Driver\Code\build\libraries\SrcWrapper\HAL\stm32yyxx_hal_lptim.c.o
LOAD e:\5\Close_Loop_Stepper_Driver\Code\build\libraries\SrcWrapper\HAL\stm32yyxx_hal_ltdc.c.o
LOAD e:\5\Close_Loop_Stepper_Driver\Code\build\libraries\SrcWrapper\HAL\stm32yyxx_hal_ltdc_ex.c.o
LOAD e:\5\Close_Loop_Stepper_Driver\Code\build\libraries\SrcWrapper\HAL\stm32yyxx_hal_mdios.c.o
LOAD e:\5\Close_Loop_Stepper_Driver\Code\build\libraries\SrcWrapper\HAL\stm32yyxx_hal_mdma.c.o
LOAD e:\5\Close_Loop_Stepper_Driver\Code\build\libraries\SrcWrapper\HAL\stm32yyxx_hal_mmc.c.o
LOAD e:\5\Close_Loop_Stepper_Driver\Code\build\libraries\SrcWrapper\HAL\stm32yyxx_hal_mmc_ex.c.o
LOAD e:\5\Close_Loop_Stepper_Driver\Code\build\libraries\SrcWrapper\HAL\stm32yyxx_hal_msp_template.c.o
LOAD e:\5\Close_Loop_Stepper_Driver\Code\build\libraries\SrcWrapper\HAL\stm32yyxx_hal_nand.c.o
LOAD e:\5\Close_Loop_Stepper_Driver\Code\build\libraries\SrcWrapper\HAL\stm32yyxx_hal_nor.c.o
LOAD e:\5\Close_Loop_Stepper_Driver\Code\build\libraries\SrcWrapper\HAL\stm32yyxx_hal_opamp.c.o
LOAD e:\5\Close_Loop_Stepper_Driver\Code\build\libraries\SrcWrapper\HAL\stm32yyxx_hal_opamp_ex.c.o
LOAD e:\5\Close_Loop_Stepper_Driver\Code\build\libraries\SrcWrapper\HAL\stm32yyxx_hal_ospi.c.o
LOAD e:\5\Close_Loop_Stepper_Driver\Code\build\libraries\SrcWrapper\HAL\stm32yyxx_hal_pccard.c.o
LOAD e:\5\Close_Loop_Stepper_Driver\Code\build\libraries\SrcWrapper\HAL\stm32yyxx_hal_pcd.c.o
LOAD e:\5\Close_Loop_Stepper_Driver\Code\build\libraries\SrcWrapper\HAL\stm32yyxx_hal_pcd_ex.c.o
LOAD e:\5\Close_Loop_Stepper_Driver\Code\build\libraries\SrcWrapper\HAL\stm32yyxx_hal_pka.c.o
LOAD e:\5\Close_Loop_Stepper_Driver\Code\build\libraries\SrcWrapper\HAL\stm32yyxx_hal_pwr.c.o
LOAD e:\5\Close_Loop_Stepper_Driver\Code\build\libraries\SrcWrapper\HAL\stm32yyxx_hal_pwr_ex.c.o
LOAD e:\5\Close_Loop_Stepper_Driver\Code\build\libraries\SrcWrapper\HAL\stm32yyxx_hal_qspi.c.o
LOAD e:\5\Close_Loop_Stepper_Driver\Code\build\libraries\SrcWrapper\HAL\stm32yyxx_hal_ramecc.c.o
LOAD e:\5\Close_Loop_Stepper_Driver\Code\build\libraries\SrcWrapper\HAL\stm32yyxx_hal_rcc.c.o
LOAD e:\5\Close_Loop_Stepper_Driver\Code\build\libraries\SrcWrapper\HAL\stm32yyxx_hal_rcc_ex.c.o
LOAD e:\5\Close_Loop_Stepper_Driver\Code\build\libraries\SrcWrapper\HAL\stm32yyxx_hal_rng.c.o
LOAD e:\5\Close_Loop_Stepper_Driver\Code\build\libraries\SrcWrapper\HAL\stm32yyxx_hal_rtc.c.o
LOAD e:\5\Close_Loop_Stepper_Driver\Code\build\libraries\SrcWrapper\HAL\stm32yyxx_hal_rtc_ex.c.o
LOAD e:\5\Close_Loop_Stepper_Driver\Code\build\libraries\SrcWrapper\HAL\stm32yyxx_hal_sai.c.o
LOAD e:\5\Close_Loop_Stepper_Driver\Code\build\libraries\SrcWrapper\HAL\stm32yyxx_hal_sai_ex.c.o
LOAD e:\5\Close_Loop_Stepper_Driver\Code\build\libraries\SrcWrapper\HAL\stm32yyxx_hal_sd.c.o
LOAD e:\5\Close_Loop_Stepper_Driver\Code\build\libraries\SrcWrapper\HAL\stm32yyxx_hal_sd_ex.c.o
LOAD e:\5\Close_Loop_Stepper_Driver\Code\build\libraries\SrcWrapper\HAL\stm32yyxx_hal_sdadc.c.o
LOAD e:\5\Close_Loop_Stepper_Driver\Code\build\libraries\SrcWrapper\HAL\stm32yyxx_hal_sdram.c.o
LOAD e:\5\Close_Loop_Stepper_Driver\Code\build\libraries\SrcWrapper\HAL\stm32yyxx_hal_smartcard.c.o
LOAD e:\5\Close_Loop_Stepper_Driver\Code\build\libraries\SrcWrapper\HAL\stm32yyxx_hal_smartcard_ex.c.o
LOAD e:\5\Close_Loop_Stepper_Driver\Code\build\libraries\SrcWrapper\HAL\stm32yyxx_hal_smbus.c.o
LOAD e:\5\Close_Loop_Stepper_Driver\Code\build\libraries\SrcWrapper\HAL\stm32yyxx_hal_spdifrx.c.o
LOAD e:\5\Close_Loop_Stepper_Driver\Code\build\libraries\SrcWrapper\HAL\stm32yyxx_hal_spi.c.o
LOAD e:\5\Close_Loop_Stepper_Driver\Code\build\libraries\SrcWrapper\HAL\stm32yyxx_hal_spi_ex.c.o
LOAD e:\5\Close_Loop_Stepper_Driver\Code\build\libraries\SrcWrapper\HAL\stm32yyxx_hal_sram.c.o
LOAD e:\5\Close_Loop_Stepper_Driver\Code\build\libraries\SrcWrapper\HAL\stm32yyxx_hal_swpmi.c.o
LOAD e:\5\Close_Loop_Stepper_Driver\Code\build\libraries\SrcWrapper\HAL\stm32yyxx_hal_tim.c.o
LOAD e:\5\Close_Loop_Stepper_Driver\Code\build\libraries\SrcWrapper\HAL\stm32yyxx_hal_tim_ex.c.o
LOAD e:\5\Close_Loop_Stepper_Driver\Code\build\libraries\SrcWrapper\HAL\stm32yyxx_hal_timebase_rtc_alarm_template.c.o
LOAD e:\5\Close_Loop_Stepper_Driver\Code\build\libraries\SrcWrapper\HAL\stm32yyxx_hal_timebase_rtc_wakeup_template.c.o
LOAD e:\5\Close_Loop_Stepper_Driver\Code\build\libraries\SrcWrapper\HAL\stm32yyxx_hal_timebase_tim_template.c.o
LOAD e:\5\Close_Loop_Stepper_Driver\Code\build\libraries\SrcWrapper\HAL\stm32yyxx_hal_tsc.c.o
LOAD e:\5\Close_Loop_Stepper_Driver\Code\build\libraries\SrcWrapper\HAL\stm32yyxx_hal_uart.c.o
LOAD e:\5\Close_Loop_Stepper_Driver\Code\build\libraries\SrcWrapper\HAL\stm32yyxx_hal_uart_ex.c.o
LOAD e:\5\Close_Loop_Stepper_Driver\Code\build\libraries\SrcWrapper\HAL\stm32yyxx_hal_usart.c.o
LOAD e:\5\Close_Loop_Stepper_Driver\Code\build\libraries\SrcWrapper\HAL\stm32yyxx_hal_usart_ex.c.o
LOAD e:\5\Close_Loop_Stepper_Driver\Code\build\libraries\SrcWrapper\HAL\stm32yyxx_hal_wwdg.c.o
LOAD e:\5\Close_Loop_Stepper_Driver\Code\build\libraries\SrcWrapper\LL\stm32yyxx_ll_adc.c.o
LOAD e:\5\Close_Loop_Stepper_Driver\Code\build\libraries\SrcWrapper\LL\stm32yyxx_ll_bdma.c.o
LOAD e:\5\Close_Loop_Stepper_Driver\Code\build\libraries\SrcWrapper\LL\stm32yyxx_ll_comp.c.o
LOAD e:\5\Close_Loop_Stepper_Driver\Code\build\libraries\SrcWrapper\LL\stm32yyxx_ll_cordic.c.o
LOAD e:\5\Close_Loop_Stepper_Driver\Code\build\libraries\SrcWrapper\LL\stm32yyxx_ll_crc.c.o
LOAD e:\5\Close_Loop_Stepper_Driver\Code\build\libraries\SrcWrapper\LL\stm32yyxx_ll_crs.c.o
LOAD e:\5\Close_Loop_Stepper_Driver\Code\build\libraries\SrcWrapper\LL\stm32yyxx_ll_dac.c.o
LOAD e:\5\Close_Loop_Stepper_Driver\Code\build\libraries\SrcWrapper\LL\stm32yyxx_ll_delayblock.c.o
LOAD e:\5\Close_Loop_Stepper_Driver\Code\build\libraries\SrcWrapper\LL\stm32yyxx_ll_dma.c.o
LOAD e:\5\Close_Loop_Stepper_Driver\Code\build\libraries\SrcWrapper\LL\stm32yyxx_ll_dma2d.c.o
LOAD e:\5\Close_Loop_Stepper_Driver\Code\build\libraries\SrcWrapper\LL\stm32yyxx_ll_exti.c.o
LOAD e:\5\Close_Loop_Stepper_Driver\Code\build\libraries\SrcWrapper\LL\stm32yyxx_ll_fmac.c.o
LOAD e:\5\Close_Loop_Stepper_Driver\Code\build\libraries\SrcWrapper\LL\stm32yyxx_ll_fmc.c.o
LOAD e:\5\Close_Loop_Stepper_Driver\Code\build\libraries\SrcWrapper\LL\stm32yyxx_ll_fsmc.c.o
LOAD e:\5\Close_Loop_Stepper_Driver\Code\build\libraries\SrcWrapper\LL\stm32yyxx_ll_gpio.c.o
LOAD e:\5\Close_Loop_Stepper_Driver\Code\build\libraries\SrcWrapper\LL\stm32yyxx_ll_hrtim.c.o
LOAD e:\5\Close_Loop_Stepper_Driver\Code\build\libraries\SrcWrapper\LL\stm32yyxx_ll_i2c.c.o
LOAD e:\5\Close_Loop_Stepper_Driver\Code\build\libraries\SrcWrapper\LL\stm32yyxx_ll_lptim.c.o
LOAD e:\5\Close_Loop_Stepper_Driver\Code\build\libraries\SrcWrapper\LL\stm32yyxx_ll_lpuart.c.o
LOAD e:\5\Close_Loop_Stepper_Driver\Code\build\libraries\SrcWrapper\LL\stm32yyxx_ll_mdma.c.o
LOAD e:\5\Close_Loop_Stepper_Driver\Code\build\libraries\SrcWrapper\LL\stm32yyxx_ll_opamp.c.o
LOAD e:\5\Close_Loop_Stepper_Driver\Code\build\libraries\SrcWrapper\LL\stm32yyxx_ll_pka.c.o
LOAD e:\5\Close_Loop_Stepper_Driver\Code\build\libraries\SrcWrapper\LL\stm32yyxx_ll_pwr.c.o
LOAD e:\5\Close_Loop_Stepper_Driver\Code\build\libraries\SrcWrapper\LL\stm32yyxx_ll_rcc.c.o
LOAD e:\5\Close_Loop_Stepper_Driver\Code\build\libraries\SrcWrapper\LL\stm32yyxx_ll_rng.c.o
LOAD e:\5\Close_Loop_Stepper_Driver\Code\build\libraries\SrcWrapper\LL\stm32yyxx_ll_rtc.c.o
LOAD e:\5\Close_Loop_Stepper_Driver\Code\build\libraries\SrcWrapper\LL\stm32yyxx_ll_sdmmc.c.o
LOAD e:\5\Close_Loop_Stepper_Driver\Code\build\libraries\SrcWrapper\LL\stm32yyxx_ll_spi.c.o
LOAD e:\5\Close_Loop_Stepper_Driver\Code\build\libraries\SrcWrapper\LL\stm32yyxx_ll_swpmi.c.o
LOAD e:\5\Close_Loop_Stepper_Driver\Code\build\libraries\SrcWrapper\LL\stm32yyxx_ll_tim.c.o
LOAD e:\5\Close_Loop_Stepper_Driver\Code\build\libraries\SrcWrapper\LL\stm32yyxx_ll_ucpd.c.o
LOAD e:\5\Close_Loop_Stepper_Driver\Code\build\libraries\SrcWrapper\LL\stm32yyxx_ll_usart.c.o
LOAD e:\5\Close_Loop_Stepper_Driver\Code\build\libraries\SrcWrapper\LL\stm32yyxx_ll_usb.c.o
LOAD e:\5\Close_Loop_Stepper_Driver\Code\build\libraries\SrcWrapper\LL\stm32yyxx_ll_utils.c.o
LOAD e:\5\Close_Loop_Stepper_Driver\Code\build\libraries\SrcWrapper\stm32\PortNames.c.o
LOAD e:\5\Close_Loop_Stepper_Driver\Code\build\libraries\SrcWrapper\stm32\bootloader.c.o
LOAD e:\5\Close_Loop_Stepper_Driver\Code\build\libraries\SrcWrapper\stm32\clock.c.o
LOAD e:\5\Close_Loop_Stepper_Driver\Code\build\libraries\SrcWrapper\stm32\core_callback.c.o
LOAD e:\5\Close_Loop_Stepper_Driver\Code\build\libraries\SrcWrapper\stm32\dwt.c.o
LOAD e:\5\Close_Loop_Stepper_Driver\Code\build\libraries\SrcWrapper\stm32\hw_config.c.o
LOAD e:\5\Close_Loop_Stepper_Driver\Code\build\libraries\SrcWrapper\stm32\lock_resource.c.o
LOAD e:\5\Close_Loop_Stepper_Driver\Code\build\libraries\SrcWrapper\stm32\low_power.c.o
LOAD e:\5\Close_Loop_Stepper_Driver\Code\build\libraries\SrcWrapper\stm32\pinmap.c.o
LOAD e:\5\Close_Loop_Stepper_Driver\Code\build\libraries\SrcWrapper\stm32\rtc.c.o
LOAD e:\5\Close_Loop_Stepper_Driver\Code\build\libraries\SrcWrapper\stm32\stm32_def.c.o
LOAD e:\5\Close_Loop_Stepper_Driver\Code\build\libraries\SrcWrapper\stm32\stm32_eeprom.c.o
LOAD e:\5\Close_Loop_Stepper_Driver\Code\build\libraries\SrcWrapper\stm32\system_stm32yyxx.c.o
LOAD e:\5\Close_Loop_Stepper_Driver\Code\build\libraries\SrcWrapper\stm32\timer.c.o
LOAD e:\5\Close_Loop_Stepper_Driver\Code\build\libraries\SrcWrapper\stm32\uart.c.o
LOAD e:\5\Close_Loop_Stepper_Driver\Code\build\libraries\SrcWrapper\stm32\analog.cpp.o
LOAD e:\5\Close_Loop_Stepper_Driver\Code\build\libraries\SrcWrapper\stm32\interrupt.cpp.o
LOAD e:\5\Close_Loop_Stepper_Driver\Code\build\libraries\SPI\SPI.cpp.o
LOAD e:\5\Close_Loop_Stepper_Driver\Code\build\libraries\SPI\utility\spi_com.c.o
LOAD e:\5\Close_Loop_Stepper_Driver\Code\build\libraries\Wire\Wire.cpp.o
LOAD e:\5\Close_Loop_Stepper_Driver\Code\build\libraries\Wire\utility\twi.c.o
LOAD e:\5\Close_Loop_Stepper_Driver\Code\build\libraries\Adafruit_GFX_Library\glcdfont.c.o
LOAD e:\5\Close_Loop_Stepper_Driver\Code\build\libraries\Adafruit_GFX_Library\Adafruit_GFX.cpp.o
LOAD e:\5\Close_Loop_Stepper_Driver\Code\build\libraries\Adafruit_GFX_Library\Adafruit_SPITFT.cpp.o
LOAD e:\5\Close_Loop_Stepper_Driver\Code\build\libraries\Adafruit_SSD1306\Adafruit_SSD1306.cpp.o
LOAD e:\5\Close_Loop_Stepper_Driver\Code\build\core\PeripheralPins.c.o
LOAD e:\5\Close_Loop_Stepper_Driver\Code\build\core\variant.cpp.o
LOAD e:\5\Close_Loop_Stepper_Driver\Code\build\core\core.a
LOAD c:/users/administrator/appdata/local/arduino15/packages/stm32/tools/xpack-arm-none-eabi-gcc/9.2.1-1.1/bin/../lib/gcc/arm-none-eabi/9.2.1/../../../../arm-none-eabi/lib/thumb/v7e-m+fp/hard\libc_nano.a
END GROUP
LOAD c:/users/administrator/appdata/local/arduino15/packages/stm32/tools/xpack-arm-none-eabi-gcc/9.2.1-1.1/bin/../lib/gcc/arm-none-eabi/9.2.1/../../../../arm-none-eabi/lib/thumb/v7e-m+fp/hard\libm.a
LOAD c:/users/administrator/appdata/local/arduino15/packages/stm32/tools/xpack-arm-none-eabi-gcc/9.2.1-1.1/bin/../lib/gcc/arm-none-eabi/9.2.1/thumb/v7e-m+fp/hard\libgcc.a
LOAD c:/users/administrator/appdata/local/arduino15/packages/stm32/tools/xpack-arm-none-eabi-gcc/9.2.1-1.1/bin/../lib/gcc/arm-none-eabi/9.2.1/../../../../arm-none-eabi/lib/thumb/v7e-m+fp/hard\libstdc++_nano.a
START GROUP
LOAD c:/users/administrator/appdata/local/arduino15/packages/stm32/tools/xpack-arm-none-eabi-gcc/9.2.1-1.1/bin/../lib/gcc/arm-none-eabi/9.2.1/thumb/v7e-m+fp/hard\libgcc.a
LOAD c:/users/administrator/appdata/local/arduino15/packages/stm32/tools/xpack-arm-none-eabi-gcc/9.2.1-1.1/bin/../lib/gcc/arm-none-eabi/9.2.1/../../../../arm-none-eabi/lib/thumb/v7e-m+fp/hard\libc_nano.a
END GROUP
START GROUP
LOAD c:/users/administrator/appdata/local/arduino15/packages/stm32/tools/xpack-arm-none-eabi-gcc/9.2.1-1.1/bin/../lib/gcc/arm-none-eabi/9.2.1/thumb/v7e-m+fp/hard\libgcc.a
LOAD c:/users/administrator/appdata/local/arduino15/packages/stm32/tools/xpack-arm-none-eabi-gcc/9.2.1-1.1/bin/../lib/gcc/arm-none-eabi/9.2.1/../../../../arm-none-eabi/lib/thumb/v7e-m+fp/hard\libc_nano.a
END GROUP
LOAD c:/users/administrator/appdata/local/arduino15/packages/stm32/tools/xpack-arm-none-eabi-gcc/9.2.1-1.1/bin/../lib/gcc/arm-none-eabi/9.2.1/thumb/v7e-m+fp/hard/crtend.o
LOAD c:/users/administrator/appdata/local/arduino15/packages/stm32/tools/xpack-arm-none-eabi-gcc/9.2.1-1.1/bin/../lib/gcc/arm-none-eabi/9.2.1/thumb/v7e-m+fp/hard/crtn.o
                0x20010000                _estack = 0x20010000
                0x00000200                _Min_Heap_Size = 0x200
                0x00000400                _Min_Stack_Size = 0x400

.isr_vector     0x08000000      0x194
                0x08000000                . = ALIGN (0x4)
 *(.isr_vector)
 .isr_vector    0x08000000      0x194 e:\5\Close_Loop_Stepper_Driver\Code\build\core\core.a(startup_stm32yyxx.S.o)
                0x08000000                g_pfnVectors
                0x08000194                . = ALIGN (0x4)

.text           0x08000194     0x9630
                0x08000194                . = ALIGN (0x4)
 *(.text)
 .text          0x08000194       0x10 c:/users/administrator/appdata/local/arduino15/packages/stm32/tools/xpack-arm-none-eabi-gcc/9.2.1-1.1/bin/../lib/gcc/arm-none-eabi/9.2.1/../../../../arm-none-eabi/lib/thumb/v7e-m+fp/hard\libc_nano.a(lib_a-strlen.o)
                0x08000194                strlen
 .text          0x080001a4      0x378 c:/users/administrator/appdata/local/arduino15/packages/stm32/tools/xpack-arm-none-eabi-gcc/9.2.1-1.1/bin/../lib/gcc/arm-none-eabi/9.2.1/thumb/v7e-m+fp/hard\libgcc.a(_arm_addsubdf3.o)
                0x080001a4                __aeabi_drsub
                0x080001ac                __aeabi_dsub
                0x080001ac                __subdf3
                0x080001b0                __aeabi_dadd
                0x080001b0                __adddf3
                0x08000428                __floatunsidf
                0x08000428                __aeabi_ui2d
                0x08000448                __floatsidf
                0x08000448                __aeabi_i2d
                0x0800046c                __aeabi_f2d
                0x0800046c                __extendsfdf2
                0x080004b0                __floatundidf
                0x080004b0                __aeabi_ul2d
                0x080004c0                __floatdidf
                0x080004c0                __aeabi_l2d
 .text          0x0800051c      0x424 c:/users/administrator/appdata/local/arduino15/packages/stm32/tools/xpack-arm-none-eabi-gcc/9.2.1-1.1/bin/../lib/gcc/arm-none-eabi/9.2.1/thumb/v7e-m+fp/hard\libgcc.a(_arm_muldivdf3.o)
                0x0800051c                __aeabi_dmul
                0x0800051c                __muldf3
                0x08000770                __divdf3
                0x08000770                __aeabi_ddiv
 .text          0x08000940      0x110 c:/users/administrator/appdata/local/arduino15/packages/stm32/tools/xpack-arm-none-eabi-gcc/9.2.1-1.1/bin/../lib/gcc/arm-none-eabi/9.2.1/thumb/v7e-m+fp/hard\libgcc.a(_arm_cmpdf2.o)
                0x08000940                __gtdf2
                0x08000940                __gedf2
                0x08000948                __ltdf2
                0x08000948                __ledf2
                0x08000950                __nedf2
                0x08000950                __eqdf2
                0x08000950                __cmpdf2
                0x080009cc                __aeabi_cdrcmple
                0x080009dc                __aeabi_cdcmpeq
                0x080009dc                __aeabi_cdcmple
                0x080009ec                __aeabi_dcmpeq
                0x08000a00                __aeabi_dcmplt
                0x08000a14                __aeabi_dcmple
                0x08000a28                __aeabi_dcmpge
                0x08000a3c                __aeabi_dcmpgt
 .text          0x08000a50       0x2c c:/users/administrator/appdata/local/arduino15/packages/stm32/tools/xpack-arm-none-eabi-gcc/9.2.1-1.1/bin/../lib/gcc/arm-none-eabi/9.2.1/thumb/v7e-m+fp/hard\libgcc.a(_arm_unorddf2.o)
                0x08000a50                __unorddf2
                0x08000a50                __aeabi_dcmpun
 .text          0x08000a7c       0x50 c:/users/administrator/appdata/local/arduino15/packages/stm32/tools/xpack-arm-none-eabi-gcc/9.2.1-1.1/bin/../lib/gcc/arm-none-eabi/9.2.1/thumb/v7e-m+fp/hard\libgcc.a(_arm_fixdfsi.o)
                0x08000a7c                __aeabi_d2iz
                0x08000a7c                __fixdfsi
 .text          0x08000acc       0x40 c:/users/administrator/appdata/local/arduino15/packages/stm32/tools/xpack-arm-none-eabi-gcc/9.2.1-1.1/bin/../lib/gcc/arm-none-eabi/9.2.1/thumb/v7e-m+fp/hard\libgcc.a(_arm_fixunsdfsi.o)
                0x08000acc                __aeabi_d2uiz
                0x08000acc                __fixunsdfsi
 .text          0x08000b0c       0xa0 c:/users/administrator/appdata/local/arduino15/packages/stm32/tools/xpack-arm-none-eabi-gcc/9.2.1-1.1/bin/../lib/gcc/arm-none-eabi/9.2.1/thumb/v7e-m+fp/hard\libgcc.a(_arm_truncdfsf2.o)
                0x08000b0c                __truncdfsf2
                0x08000b0c                __aeabi_d2f
 *(.text*)
 .text.__do_global_dtors_aux
                0x08000bac       0x24 c:/users/administrator/appdata/local/arduino15/packages/stm32/tools/xpack-arm-none-eabi-gcc/9.2.1-1.1/bin/../lib/gcc/arm-none-eabi/9.2.1/thumb/v7e-m+fp/hard/crtbegin.o
 .text.frame_dummy
                0x08000bd0       0x1c c:/users/administrator/appdata/local/arduino15/packages/stm32/tools/xpack-arm-none-eabi-gcc/9.2.1-1.1/bin/../lib/gcc/arm-none-eabi/9.2.1/thumb/v7e-m+fp/hard/crtbegin.o
 .text._Z15AS5600_IIC_Initv
                0x08000bec       0x34 e:\5\Close_Loop_Stepper_Driver\Code\build\sketch\AS5600_IIC.cpp.o
                0x08000bec                AS5600_IIC_Init()
 .text._Z15AS5600_IIC_Inithh
                0x08000c20       0x14 e:\5\Close_Loop_Stepper_Driver\Code\build\sketch\AS5600_IIC.cpp.o
                0x08000c20                AS5600_IIC_Init(unsigned char, unsigned char)
 .text._Z11Y_IIC_Startv
                0x08000c34       0x94 e:\5\Close_Loop_Stepper_Driver\Code\build\sketch\AS5600_IIC.cpp.o
                0x08000c34                Y_IIC_Start()
 .text._Z10Y_IIC_Stopv
                0x08000cc8       0x98 e:\5\Close_Loop_Stepper_Driver\Code\build\sketch\AS5600_IIC.cpp.o
                0x08000cc8                Y_IIC_Stop()
 .text._Z14Y_IIC_Wait_Ackv
                0x08000d60       0xa4 e:\5\Close_Loop_Stepper_Driver\Code\build\sketch\AS5600_IIC.cpp.o
                0x08000d60                Y_IIC_Wait_Ack()
 .text._Z14Y_IIC_SendByteh
                0x08000e04       0xfc e:\5\Close_Loop_Stepper_Driver\Code\build\sketch\AS5600_IIC.cpp.o
                0x08000e04                Y_IIC_SendByte(unsigned char)
 .text._Z24AS5600_IIC_Write_OneBytehhh
                0x08000f00       0x3a e:\5\Close_Loop_Stepper_Driver\Code\build\sketch\AS5600_IIC.cpp.o
                0x08000f00                AS5600_IIC_Write_OneByte(unsigned char, unsigned char, unsigned char)
 *fill*         0x08000f3a        0x2 
 .text._Z11get_commandv
                0x08000f3c       0x90 e:\5\Close_Loop_Stepper_Driver\Code\build\sketch\CMD.cpp.o
                0x08000f3c                get_command()
 .text.setup    0x08000fcc       0x28 e:\5\Close_Loop_Stepper_Driver\Code\build\sketch\Code.ino.cpp.o
                0x08000fcc                setup
 .text.loop     0x08000ff4       0x58 e:\5\Close_Loop_Stepper_Driver\Code\build\sketch\Code.ino.cpp.o
                0x08000ff4                loop
 .text._Z23TIM1_Update_IT_callbackP13HardwareTimer
                0x0800104c       0xbc e:\5\Close_Loop_Stepper_Driver\Code\build\sketch\Code.ino.cpp.o
                0x0800104c                TIM1_Update_IT_callback(HardwareTimer*)
 .text._Z23TIM2_Update_IT_callbackP13HardwareTimer
                0x08001108        0x4 e:\5\Close_Loop_Stepper_Driver\Code\build\sketch\Code.ino.cpp.o
                0x08001108                TIM2_Update_IT_callback(HardwareTimer*)
 .text._Z23TIM3_Update_IT_callbackP13HardwareTimer
                0x0800110c        0x4 e:\5\Close_Loop_Stepper_Driver\Code\build\sketch\Code.ino.cpp.o
                0x0800110c                TIM3_Update_IT_callback(HardwareTimer*)
 .text._Z23TIM4_Update_IT_callbackP13HardwareTimer
                0x08001110        0x4 e:\5\Close_Loop_Stepper_Driver\Code\build\sketch\Code.ino.cpp.o
                0x08001110                TIM4_Update_IT_callback(HardwareTimer*)
 .text.startup._GLOBAL__sub_I_UI_str
                0x08001114       0x9c e:\5\Close_Loop_Stepper_Driver\Code\build\sketch\Code.ino.cpp.o
 .text.exit._GLOBAL__sub_D_UI_str
                0x080011b0       0x1c e:\5\Close_Loop_Stepper_Driver\Code\build\sketch\Code.ino.cpp.o
 .text._Z13Encoder_beginv
                0x080011cc       0x36 e:\5\Close_Loop_Stepper_Driver\Code\build\sketch\Encoder.cpp.o
                0x080011cc                Encoder_begin()
 .text._Z19Encoder_Y_get_anglev
                0x08001202        0x8 e:\5\Close_Loop_Stepper_Driver\Code\build\sketch\Encoder.cpp.o
                0x08001202                Encoder_Y_get_angle()
 *fill*         0x0800120a        0x2 
 .text._Z10TIM1_beginv
                0x0800120c       0x38 e:\5\Close_Loop_Stepper_Driver\Code\build\sketch\MyTimer.cpp.o
                0x0800120c                TIM1_begin()
 .text._Z10TIM2_beginv
                0x08001244       0x38 e:\5\Close_Loop_Stepper_Driver\Code\build\sketch\MyTimer.cpp.o
                0x08001244                TIM2_begin()
 .text._Z10TIM3_beginv
                0x0800127c       0x38 e:\5\Close_Loop_Stepper_Driver\Code\build\sketch\MyTimer.cpp.o
                0x0800127c                TIM3_begin()
 .text._Z10TIM4_beginv
                0x080012b4       0x38 e:\5\Close_Loop_Stepper_Driver\Code\build\sketch\MyTimer.cpp.o
                0x080012b4                TIM4_begin()
 .text._Z9TIM_beginv
                0x080012ec       0x16 e:\5\Close_Loop_Stepper_Driver\Code\build\sketch\MyTimer.cpp.o
                0x080012ec                TIM_begin()
 *fill*         0x08001302        0x2 
 .text._Z16TIM2_setOverflowm
                0x08001304       0x28 e:\5\Close_Loop_Stepper_Driver\Code\build\sketch\MyTimer.cpp.o
                0x08001304                TIM2_setOverflow(unsigned long)
 .text._Z16TIM3_setOverflowm
                0x0800132c       0x28 e:\5\Close_Loop_Stepper_Driver\Code\build\sketch\MyTimer.cpp.o
                0x0800132c                TIM3_setOverflow(unsigned long)
 .text._Z16TIM4_setOverflowm
                0x08001354       0x28 e:\5\Close_Loop_Stepper_Driver\Code\build\sketch\MyTimer.cpp.o
                0x08001354                TIM4_setOverflow(unsigned long)
 .text.startup._GLOBAL__sub_I_TIM1_freq
                0x0800137c       0x74 e:\5\Close_Loop_Stepper_Driver\Code\build\sketch\MyTimer.cpp.o
 .text._Z9PID_beginv
                0x080013f0       0x2c e:\5\Close_Loop_Stepper_Driver\Code\build\sketch\PID.cpp.o
                0x080013f0                PID_begin()
 .text._Z13PID_X_Computeff
                0x0800141c       0x48 e:\5\Close_Loop_Stepper_Driver\Code\build\sketch\PID.cpp.o
                0x0800141c                PID_X_Compute(float, float)
 .text._Z13PID_Y_Computeff
                0x08001464       0x48 e:\5\Close_Loop_Stepper_Driver\Code\build\sketch\PID.cpp.o
                0x08001464                PID_Y_Compute(float, float)
 .text._Z13PID_Z_Computeff
                0x080014ac       0x48 e:\5\Close_Loop_Stepper_Driver\Code\build\sketch\PID.cpp.o
                0x080014ac                PID_Z_Compute(float, float)
 .text.startup._GLOBAL__sub_I_Kp
                0x080014f4       0x98 e:\5\Close_Loop_Stepper_Driver\Code\build\sketch\PID.cpp.o
 .text._ZN3PID7ComputeEv
                0x0800158c      0x130 e:\5\Close_Loop_Stepper_Driver\Code\build\sketch\PID_v1.cpp.o
                0x0800158c                PID::Compute()
 .text._ZN3PID10SetTuningsEdddi
                0x080016bc       0xec e:\5\Close_Loop_Stepper_Driver\Code\build\sketch\PID_v1.cpp.o
                0x080016bc                PID::SetTunings(double, double, double, int)
 .text._ZN3PID10InitializeEv
                0x080017a8       0x4a e:\5\Close_Loop_Stepper_Driver\Code\build\sketch\PID_v1.cpp.o
                0x080017a8                PID::Initialize()
 .text._ZN3PID7SetModeEi
                0x080017f2       0x1e e:\5\Close_Loop_Stepper_Driver\Code\build\sketch\PID_v1.cpp.o
                0x080017f2                PID::SetMode(int)
 .text._ZN3PID22SetControllerDirectionEi
                0x08001810       0x46 e:\5\Close_Loop_Stepper_Driver\Code\build\sketch\PID_v1.cpp.o
                0x08001810                PID::SetControllerDirection(int)
 *fill*         0x08001856        0x2 
 .text._ZN3PIDC2EPdS0_S0_dddii
                0x08001858       0x68 e:\5\Close_Loop_Stepper_Driver\Code\build\sketch\PID_v1.cpp.o
                0x08001858                PID::PID(double*, double*, double*, double, double, double, int, int)
                0x08001858                PID::PID(double*, double*, double*, double, double, double, int, int)
 .text._ZN3PIDC2EPdS0_S0_dddi
                0x080018c0       0x16 e:\5\Close_Loop_Stepper_Driver\Code\build\sketch\PID_v1.cpp.o
                0x080018c0                PID::PID(double*, double*, double*, double, double, double, int)
                0x080018c0                PID::PID(double*, double*, double*, double, double, double, int)
 *fill*         0x080018d6        0x2 
 .text._Z13Stepper_beginv
                0x080018d8       0x74 e:\5\Close_Loop_Stepper_Driver\Code\build\sketch\Stepper.cpp.o
                0x080018d8                Stepper_begin()
 *fill*         0x0800194c        0x4 
 .text._Z15Stepper_refresh13Stepper_index
                0x08001950      0x148 e:\5\Close_Loop_Stepper_Driver\Code\build\sketch\Stepper.cpp.o
                0x08001950                Stepper_refresh(Stepper_index)
 .text._Z17Stepper_X_refreshv
                0x08001a98       0x14 e:\5\Close_Loop_Stepper_Driver\Code\build\sketch\Stepper.cpp.o
                0x08001a98                Stepper_X_refresh()
 .text._Z17Stepper_Y_refreshv
                0x08001aac       0x14 e:\5\Close_Loop_Stepper_Driver\Code\build\sketch\Stepper.cpp.o
                0x08001aac                Stepper_Y_refresh()
 .text._Z17Stepper_Z_refreshv
                0x08001ac0       0x14 e:\5\Close_Loop_Stepper_Driver\Code\build\sketch\Stepper.cpp.o
                0x08001ac0                Stepper_Z_refresh()
 .text._Z11get_X_speedv
                0x08001ad4       0x34 e:\5\Close_Loop_Stepper_Driver\Code\build\sketch\Stepper.cpp.o
                0x08001ad4                get_X_speed()
 .text._Z11get_Y_speedv
                0x08001b08       0x34 e:\5\Close_Loop_Stepper_Driver\Code\build\sketch\Stepper.cpp.o
                0x08001b08                get_Y_speed()
 .text._Z11get_Z_speedv
                0x08001b3c       0x34 e:\5\Close_Loop_Stepper_Driver\Code\build\sketch\Stepper.cpp.o
                0x08001b3c                get_Z_speed()
 .text.startup._GLOBAL__sub_I_Stepper_X
                0x08001b70       0x54 e:\5\Close_Loop_Stepper_Driver\Code\build\sketch\Stepper.cpp.o
 .text._Z8UI_beginv
                0x08001bc4       0x28 e:\5\Close_Loop_Stepper_Driver\Code\build\sketch\UI.cpp.o
                0x08001bc4                UI_begin()
 .text._Z9UI_updatev
                0x08001bec       0x78 e:\5\Close_Loop_Stepper_Driver\Code\build\sketch\UI.cpp.o
                0x08001bec                UI_update()
 .text.startup._GLOBAL__sub_I_UI_str
                0x08001c64       0xc4 e:\5\Close_Loop_Stepper_Driver\Code\build\sketch\UI.cpp.o
 .text.exit._GLOBAL__sub_D_UI_str
                0x08001d28       0x24 e:\5\Close_Loop_Stepper_Driver\Code\build\sketch\UI.cpp.o
 .text._sbrk    0x08001d4c       0x3c e:\5\Close_Loop_Stepper_Driver\Code\build\libraries\SrcWrapper\syscalls.c.o
                0x08001d4c                _sbrk
 .text.HAL_MspInit
                0x08001d88        0x2 e:\5\Close_Loop_Stepper_Driver\Code\build\libraries\SrcWrapper\HAL\stm32yyxx_hal.c.o
                0x08001d88                HAL_MspInit
 *fill*         0x08001d8a        0x2 
 .text.HAL_InitTick
                0x08001d8c       0x48 e:\5\Close_Loop_Stepper_Driver\Code\build\libraries\SrcWrapper\HAL\stm32yyxx_hal.c.o
                0x08001d8c                HAL_InitTick
 .text.HAL_Init
                0x08001dd4       0x24 e:\5\Close_Loop_Stepper_Driver\Code\build\libraries\SrcWrapper\HAL\stm32yyxx_hal.c.o
                0x08001dd4                HAL_Init
 .text.HAL_IncTick
                0x08001df8       0x18 e:\5\Close_Loop_Stepper_Driver\Code\build\libraries\SrcWrapper\HAL\stm32yyxx_hal.c.o
                0x08001df8                HAL_IncTick
 .text.HAL_GetTick
                0x08001e10        0xc e:\5\Close_Loop_Stepper_Driver\Code\build\libraries\SrcWrapper\HAL\stm32yyxx_hal.c.o
                0x08001e10                HAL_GetTick
 .text.HAL_ADC_GetState
                0x08001e1c        0x4 e:\5\Close_Loop_Stepper_Driver\Code\build\libraries\SrcWrapper\HAL\stm32yyxx_hal_adc.c.o
                0x08001e1c                HAL_ADC_GetState
 .text.ADC_ConversionStop
                0x08001e20       0xac e:\5\Close_Loop_Stepper_Driver\Code\build\libraries\SrcWrapper\HAL\stm32yyxx_hal_adc_ex.c.o
 .text.ADC_Disable
                0x08001ecc       0x6e e:\5\Close_Loop_Stepper_Driver\Code\build\libraries\SrcWrapper\HAL\stm32yyxx_hal_adc_ex.c.o
 *fill*         0x08001f3a        0x2 
 .text.ADC_Enable
                0x08001f3c       0x5c e:\5\Close_Loop_Stepper_Driver\Code\build\libraries\SrcWrapper\HAL\stm32yyxx_hal_adc_ex.c.o
 .text.HAL_ADC_Init
                0x08001f98      0x26c e:\5\Close_Loop_Stepper_Driver\Code\build\libraries\SrcWrapper\HAL\stm32yyxx_hal_adc_ex.c.o
                0x08001f98                HAL_ADC_Init
 .text.HAL_ADC_DeInit
                0x08002204      0x1b0 e:\5\Close_Loop_Stepper_Driver\Code\build\libraries\SrcWrapper\HAL\stm32yyxx_hal_adc_ex.c.o
                0x08002204                HAL_ADC_DeInit
 .text.HAL_ADC_Start
                0x080023b4      0x150 e:\5\Close_Loop_Stepper_Driver\Code\build\libraries\SrcWrapper\HAL\stm32yyxx_hal_adc_ex.c.o
                0x080023b4                HAL_ADC_Start
 .text.HAL_ADC_Stop
                0x08002504       0x3e e:\5\Close_Loop_Stepper_Driver\Code\build\libraries\SrcWrapper\HAL\stm32yyxx_hal_adc_ex.c.o
                0x08002504                HAL_ADC_Stop
 *fill*         0x08002542        0x2 
 .text.HAL_ADC_PollForConversion
                0x08002544      0x13c e:\5\Close_Loop_Stepper_Driver\Code\build\libraries\SrcWrapper\HAL\stm32yyxx_hal_adc_ex.c.o
                0x08002544                HAL_ADC_PollForConversion
 .text.HAL_ADC_GetValue
                0x08002680        0x6 e:\5\Close_Loop_Stepper_Driver\Code\build\libraries\SrcWrapper\HAL\stm32yyxx_hal_adc_ex.c.o
                0x08002680                HAL_ADC_GetValue
 .text.HAL_ADCEx_Calibration_Start
                0x08002686       0x84 e:\5\Close_Loop_Stepper_Driver\Code\build\libraries\SrcWrapper\HAL\stm32yyxx_hal_adc_ex.c.o
                0x08002686                HAL_ADCEx_Calibration_Start
 *fill*         0x0800270a        0x2 
 .text.HAL_ADC_ConfigChannel
                0x0800270c      0x32c e:\5\Close_Loop_Stepper_Driver\Code\build\libraries\SrcWrapper\HAL\stm32yyxx_hal_adc_ex.c.o
                0x0800270c                HAL_ADC_ConfigChannel
 .text.HAL_NVIC_SetPriorityGrouping
                0x08002a38       0x24 e:\5\Close_Loop_Stepper_Driver\Code\build\libraries\SrcWrapper\HAL\stm32yyxx_hal_cortex.c.o
                0x08002a38                HAL_NVIC_SetPriorityGrouping
 .text.HAL_NVIC_SetPriority
                0x08002a5c       0x64 e:\5\Close_Loop_Stepper_Driver\Code\build\libraries\SrcWrapper\HAL\stm32yyxx_hal_cortex.c.o
                0x08002a5c                HAL_NVIC_SetPriority
 .text.HAL_NVIC_EnableIRQ
                0x08002ac0       0x1c e:\5\Close_Loop_Stepper_Driver\Code\build\libraries\SrcWrapper\HAL\stm32yyxx_hal_cortex.c.o
                0x08002ac0                HAL_NVIC_EnableIRQ
 .text.HAL_NVIC_DisableIRQ
                0x08002adc       0x28 e:\5\Close_Loop_Stepper_Driver\Code\build\libraries\SrcWrapper\HAL\stm32yyxx_hal_cortex.c.o
                0x08002adc                HAL_NVIC_DisableIRQ
 .text.HAL_SYSTICK_Config
                0x08002b04       0x2c e:\5\Close_Loop_Stepper_Driver\Code\build\libraries\SrcWrapper\HAL\stm32yyxx_hal_cortex.c.o
                0x08002b04                HAL_SYSTICK_Config
 .text.HAL_NVIC_ClearPendingIRQ
                0x08002b30       0x20 e:\5\Close_Loop_Stepper_Driver\Code\build\libraries\SrcWrapper\HAL\stm32yyxx_hal_cortex.c.o
                0x08002b30                HAL_NVIC_ClearPendingIRQ
 .text.HAL_SYSTICK_Callback
                0x08002b50        0x2 e:\5\Close_Loop_Stepper_Driver\Code\build\libraries\SrcWrapper\HAL\stm32yyxx_hal_cortex.c.o
                0x08002b50                HAL_SYSTICK_Callback
 .text.HAL_SYSTICK_IRQHandler
                0x08002b52        0x8 e:\5\Close_Loop_Stepper_Driver\Code\build\libraries\SrcWrapper\HAL\stm32yyxx_hal_cortex.c.o
                0x08002b52                HAL_SYSTICK_IRQHandler
 .text.HAL_DAC_DeInit
                0x08002b5a       0x1c e:\5\Close_Loop_Stepper_Driver\Code\build\libraries\SrcWrapper\HAL\stm32yyxx_hal_dac.c.o
                0x08002b5a                HAL_DAC_DeInit
 .text.HAL_DAC_Stop
                0x08002b76       0x18 e:\5\Close_Loop_Stepper_Driver\Code\build\libraries\SrcWrapper\HAL\stm32yyxx_hal_dac.c.o
                0x08002b76                HAL_DAC_Stop
 .text.HAL_DMA_Abort_IT
                0x08002b8e       0x42 e:\5\Close_Loop_Stepper_Driver\Code\build\libraries\SrcWrapper\HAL\stm32yyxx_hal_dma.c.o
                0x08002b8e                HAL_DMA_Abort_IT
 .text.HAL_GPIO_EXTI_IRQHandler
                0x08002bd0       0x18 e:\5\Close_Loop_Stepper_Driver\Code\build\libraries\SrcWrapper\HAL\stm32yyxx_hal_gpio.c.o
                0x08002bd0                HAL_GPIO_EXTI_IRQHandler
 .text.I2C_Flush_TXDR
                0x08002be8       0x1c e:\5\Close_Loop_Stepper_Driver\Code\build\libraries\SrcWrapper\HAL\stm32yyxx_hal_i2c.c.o
 .text.I2C_TransferConfig
                0x08002c04       0x28 e:\5\Close_Loop_Stepper_Driver\Code\build\libraries\SrcWrapper\HAL\stm32yyxx_hal_i2c.c.o
 .text.I2C_Enable_IRQ
                0x08002c2c       0x60 e:\5\Close_Loop_Stepper_Driver\Code\build\libraries\SrcWrapper\HAL\stm32yyxx_hal_i2c.c.o
 .text.I2C_Disable_IRQ
                0x08002c8c       0x42 e:\5\Close_Loop_Stepper_Driver\Code\build\libraries\SrcWrapper\HAL\stm32yyxx_hal_i2c.c.o
 .text.I2C_ConvertOtherXferOptions
                0x08002cce       0x1a e:\5\Close_Loop_Stepper_Driver\Code\build\libraries\SrcWrapper\HAL\stm32yyxx_hal_i2c.c.o
 .text.I2C_WaitOnFlagUntilTimeout
                0x08002ce8       0x54 e:\5\Close_Loop_Stepper_Driver\Code\build\libraries\SrcWrapper\HAL\stm32yyxx_hal_i2c.c.o
 .text.HAL_I2C_MspInit
                0x08002d3c        0x2 e:\5\Close_Loop_Stepper_Driver\Code\build\libraries\SrcWrapper\HAL\stm32yyxx_hal_i2c.c.o
                0x08002d3c                HAL_I2C_MspInit
 .text.HAL_I2C_Init
                0x08002d3e       0xa2 e:\5\Close_Loop_Stepper_Driver\Code\build\libraries\SrcWrapper\HAL\stm32yyxx_hal_i2c.c.o
                0x08002d3e                HAL_I2C_Init
 .text.HAL_I2C_IsDeviceReady
                0x08002de0      0x13a e:\5\Close_Loop_Stepper_Driver\Code\build\libraries\SrcWrapper\HAL\stm32yyxx_hal_i2c.c.o
                0x08002de0                HAL_I2C_IsDeviceReady
 *fill*         0x08002f1a        0x2 
 .text.HAL_I2C_Master_Seq_Transmit_IT
                0x08002f1c       0xa4 e:\5\Close_Loop_Stepper_Driver\Code\build\libraries\SrcWrapper\HAL\stm32yyxx_hal_i2c.c.o
                0x08002f1c                HAL_I2C_Master_Seq_Transmit_IT
 .text.HAL_I2C_Slave_Seq_Transmit_IT
                0x08002fc0       0xc0 e:\5\Close_Loop_Stepper_Driver\Code\build\libraries\SrcWrapper\HAL\stm32yyxx_hal_i2c.c.o
                0x08002fc0                HAL_I2C_Slave_Seq_Transmit_IT
 .text.HAL_I2C_Slave_Seq_Receive_IT
                0x08003080       0xbc e:\5\Close_Loop_Stepper_Driver\Code\build\libraries\SrcWrapper\HAL\stm32yyxx_hal_i2c.c.o
                0x08003080                HAL_I2C_Slave_Seq_Receive_IT
 .text.HAL_I2C_EnableListen_IT
                0x0800313c       0x28 e:\5\Close_Loop_Stepper_Driver\Code\build\libraries\SrcWrapper\HAL\stm32yyxx_hal_i2c.c.o
                0x0800313c                HAL_I2C_EnableListen_IT
 .text.HAL_I2C_EV_IRQHandler
                0x08003164        0xe e:\5\Close_Loop_Stepper_Driver\Code\build\libraries\SrcWrapper\HAL\stm32yyxx_hal_i2c.c.o
                0x08003164                HAL_I2C_EV_IRQHandler
 .text.HAL_I2C_MasterTxCpltCallback
                0x08003172        0x2 e:\5\Close_Loop_Stepper_Driver\Code\build\libraries\SrcWrapper\HAL\stm32yyxx_hal_i2c.c.o
                0x08003172                HAL_I2C_MasterTxCpltCallback
 .text.HAL_I2C_MasterRxCpltCallback
                0x08003174        0x2 e:\5\Close_Loop_Stepper_Driver\Code\build\libraries\SrcWrapper\HAL\stm32yyxx_hal_i2c.c.o
                0x08003174                HAL_I2C_MasterRxCpltCallback
 .text.I2C_ITMasterSeqCplt
                0x08003176       0x44 e:\5\Close_Loop_Stepper_Driver\Code\build\libraries\SrcWrapper\HAL\stm32yyxx_hal_i2c.c.o
 .text.I2C_ITSlaveSeqCplt
                0x080031ba       0x4c e:\5\Close_Loop_Stepper_Driver\Code\build\libraries\SrcWrapper\HAL\stm32yyxx_hal_i2c.c.o
 .text.I2C_ITAddrCplt.isra.0.part.0
                0x08003206       0x70 e:\5\Close_Loop_Stepper_Driver\Code\build\libraries\SrcWrapper\HAL\stm32yyxx_hal_i2c.c.o
 *fill*         0x08003276        0x2 
 .text.I2C_ITListenCplt
                0x08003278       0x5c e:\5\Close_Loop_Stepper_Driver\Code\build\libraries\SrcWrapper\HAL\stm32yyxx_hal_i2c.c.o
 .text.HAL_I2C_MemTxCpltCallback
                0x080032d4        0x2 e:\5\Close_Loop_Stepper_Driver\Code\build\libraries\SrcWrapper\HAL\stm32yyxx_hal_i2c.c.o
                0x080032d4                HAL_I2C_MemTxCpltCallback
 .text.HAL_I2C_MemRxCpltCallback
                0x080032d6        0x2 e:\5\Close_Loop_Stepper_Driver\Code\build\libraries\SrcWrapper\HAL\stm32yyxx_hal_i2c.c.o
                0x080032d6                HAL_I2C_MemRxCpltCallback
 .text.HAL_I2C_AbortCpltCallback
                0x080032d8        0x2 e:\5\Close_Loop_Stepper_Driver\Code\build\libraries\SrcWrapper\HAL\stm32yyxx_hal_i2c.c.o
                0x080032d8                HAL_I2C_AbortCpltCallback
 *fill*         0x080032da        0x2 
 .text.I2C_ITError
                0x080032dc       0xd4 e:\5\Close_Loop_Stepper_Driver\Code\build\libraries\SrcWrapper\HAL\stm32yyxx_hal_i2c.c.o
 .text.I2C_ITSlaveCplt
                0x080033b0       0xf8 e:\5\Close_Loop_Stepper_Driver\Code\build\libraries\SrcWrapper\HAL\stm32yyxx_hal_i2c.c.o
 .text.I2C_Slave_ISR_IT
                0x080034a8      0x128 e:\5\Close_Loop_Stepper_Driver\Code\build\libraries\SrcWrapper\HAL\stm32yyxx_hal_i2c.c.o
 .text.I2C_ITMasterCplt
                0x080035d0       0xac e:\5\Close_Loop_Stepper_Driver\Code\build\libraries\SrcWrapper\HAL\stm32yyxx_hal_i2c.c.o
 .text.I2C_Master_ISR_IT
                0x0800367c      0x122 e:\5\Close_Loop_Stepper_Driver\Code\build\libraries\SrcWrapper\HAL\stm32yyxx_hal_i2c.c.o
 .text.I2C_Slave_ISR_DMA
                0x0800379e       0xec e:\5\Close_Loop_Stepper_Driver\Code\build\libraries\SrcWrapper\HAL\stm32yyxx_hal_i2c.c.o
 .text.I2C_Master_ISR_DMA
                0x0800388a      0x104 e:\5\Close_Loop_Stepper_Driver\Code\build\libraries\SrcWrapper\HAL\stm32yyxx_hal_i2c.c.o
 .text.HAL_I2C_ER_IRQHandler
                0x0800398e       0x60 e:\5\Close_Loop_Stepper_Driver\Code\build\libraries\SrcWrapper\HAL\stm32yyxx_hal_i2c.c.o
                0x0800398e                HAL_I2C_ER_IRQHandler
 .text.I2C_DMAAbort
                0x080039ee       0x28 e:\5\Close_Loop_Stepper_Driver\Code\build\libraries\SrcWrapper\HAL\stm32yyxx_hal_i2c.c.o
 .text.HAL_I2C_GetState
                0x08003a16        0x6 e:\5\Close_Loop_Stepper_Driver\Code\build\libraries\SrcWrapper\HAL\stm32yyxx_hal_i2c.c.o
                0x08003a16                HAL_I2C_GetState
 .text.HAL_I2C_GetError
                0x08003a1c        0x4 e:\5\Close_Loop_Stepper_Driver\Code\build\libraries\SrcWrapper\HAL\stm32yyxx_hal_i2c.c.o
                0x08003a1c                HAL_I2C_GetError
 .text.HAL_RCC_OscConfig
                0x08003a20      0x540 e:\5\Close_Loop_Stepper_Driver\Code\build\libraries\SrcWrapper\HAL\stm32yyxx_hal_rcc.c.o
                0x08003a20                HAL_RCC_OscConfig
 .text.HAL_RCC_GetSysClockFreq
                0x08003f60       0x58 e:\5\Close_Loop_Stepper_Driver\Code\build\libraries\SrcWrapper\HAL\stm32yyxx_hal_rcc.c.o
                0x08003f60                HAL_RCC_GetSysClockFreq
 .text.HAL_RCC_ClockConfig
                0x08003fb8      0x140 e:\5\Close_Loop_Stepper_Driver\Code\build\libraries\SrcWrapper\HAL\stm32yyxx_hal_rcc.c.o
                0x08003fb8                HAL_RCC_ClockConfig
 .text.HAL_RCC_GetPCLK1Freq
                0x080040f8       0x30 e:\5\Close_Loop_Stepper_Driver\Code\build\libraries\SrcWrapper\HAL\stm32yyxx_hal_rcc.c.o
                0x080040f8                HAL_RCC_GetPCLK1Freq
 .text.HAL_RCC_GetPCLK2Freq
                0x08004128       0x30 e:\5\Close_Loop_Stepper_Driver\Code\build\libraries\SrcWrapper\HAL\stm32yyxx_hal_rcc.c.o
                0x08004128                HAL_RCC_GetPCLK2Freq
 .text.HAL_RCC_GetClockConfig
                0x08004158       0x3c e:\5\Close_Loop_Stepper_Driver\Code\build\libraries\SrcWrapper\HAL\stm32yyxx_hal_rcc.c.o
                0x08004158                HAL_RCC_GetClockConfig
 .text.HAL_RTC_AlarmIRQHandler
                0x08004194       0x54 e:\5\Close_Loop_Stepper_Driver\Code\build\libraries\SrcWrapper\HAL\stm32yyxx_hal_rtc.c.o
                0x08004194                HAL_RTC_AlarmIRQHandler
 .text.HAL_RTCEx_AlarmBEventCallback
                0x080041e8        0x2 e:\5\Close_Loop_Stepper_Driver\Code\build\libraries\SrcWrapper\HAL\stm32yyxx_hal_rtc_ex.c.o
                0x080041e8                HAL_RTCEx_AlarmBEventCallback
 .text.SPI_WaitFlagStateUntilTimeout.part.0
                0x080041ea       0x50 e:\5\Close_Loop_Stepper_Driver\Code\build\libraries\SrcWrapper\HAL\stm32yyxx_hal_spi.c.o
 .text.SPI_WaitFlagStateUntilTimeout.constprop.0
                0x0800423a       0x2c e:\5\Close_Loop_Stepper_Driver\Code\build\libraries\SrcWrapper\HAL\stm32yyxx_hal_spi.c.o
 .text.SPI_WaitFifoStateUntilTimeout.constprop.0
                0x08004266       0x34 e:\5\Close_Loop_Stepper_Driver\Code\build\libraries\SrcWrapper\HAL\stm32yyxx_hal_spi.c.o
 .text.SPI_EndRxTxTransaction
                0x0800429a       0x4a e:\5\Close_Loop_Stepper_Driver\Code\build\libraries\SrcWrapper\HAL\stm32yyxx_hal_spi.c.o
 .text.HAL_SPI_MspInit
                0x080042e4        0x2 e:\5\Close_Loop_Stepper_Driver\Code\build\libraries\SrcWrapper\HAL\stm32yyxx_hal_spi.c.o
                0x080042e4                HAL_SPI_MspInit
 .text.HAL_SPI_Init
                0x080042e6       0xaa e:\5\Close_Loop_Stepper_Driver\Code\build\libraries\SrcWrapper\HAL\stm32yyxx_hal_spi.c.o
                0x080042e6                HAL_SPI_Init
 .text.HAL_SPI_TransmitReceive
                0x08004390      0x24c e:\5\Close_Loop_Stepper_Driver\Code\build\libraries\SrcWrapper\HAL\stm32yyxx_hal_spi.c.o
                0x08004390                HAL_SPI_TransmitReceive
 .text.HAL_TIM_PWM_PulseFinishedCallback
                0x080045dc        0x2 e:\5\Close_Loop_Stepper_Driver\Code\build\libraries\SrcWrapper\HAL\stm32yyxx_hal_tim.c.o
                0x080045dc                HAL_TIM_PWM_PulseFinishedCallback
 .text.HAL_TIM_TriggerCallback
                0x080045de        0x2 e:\5\Close_Loop_Stepper_Driver\Code\build\libraries\SrcWrapper\HAL\stm32yyxx_hal_tim.c.o
                0x080045de                HAL_TIM_TriggerCallback
 .text.HAL_TIM_IRQHandler
                0x080045e0      0x160 e:\5\Close_Loop_Stepper_Driver\Code\build\libraries\SrcWrapper\HAL\stm32yyxx_hal_tim.c.o
                0x080045e0                HAL_TIM_IRQHandler
 .text.TIM_Base_SetConfig
                0x08004740       0xd4 e:\5\Close_Loop_Stepper_Driver\Code\build\libraries\SrcWrapper\HAL\stm32yyxx_hal_tim.c.o
                0x08004740                TIM_Base_SetConfig
 .text.HAL_TIM_Base_Init
                0x08004814       0x34 e:\5\Close_Loop_Stepper_Driver\Code\build\libraries\SrcWrapper\HAL\stm32yyxx_hal_tim.c.o
                0x08004814                HAL_TIM_Base_Init
 .text.TIM_CCxChannelCmd
                0x08004848       0x1c e:\5\Close_Loop_Stepper_Driver\Code\build\libraries\SrcWrapper\HAL\stm32yyxx_hal_tim.c.o
                0x08004848                TIM_CCxChannelCmd
 .text.HAL_TIM_OC_Start
                0x08004864       0x68 e:\5\Close_Loop_Stepper_Driver\Code\build\libraries\SrcWrapper\HAL\stm32yyxx_hal_tim.c.o
                0x08004864                HAL_TIM_OC_Start
 .text.HAL_TIM_PWM_Start
                0x080048cc        0x4 e:\5\Close_Loop_Stepper_Driver\Code\build\libraries\SrcWrapper\HAL\stm32yyxx_hal_tim.c.o
                0x080048cc                HAL_TIM_PWM_Start
 .text.HAL_TIM_IC_Start
                0x080048d0       0x30 e:\5\Close_Loop_Stepper_Driver\Code\build\libraries\SrcWrapper\HAL\stm32yyxx_hal_tim.c.o
                0x080048d0                HAL_TIM_IC_Start
 .text.TIM_CCxNChannelCmd
                0x08004900       0x1c e:\5\Close_Loop_Stepper_Driver\Code\build\libraries\SrcWrapper\HAL\stm32yyxx_hal_tim_ex.c.o
 .text.HAL_TIMEx_OCN_Start
                0x0800491c       0x38 e:\5\Close_Loop_Stepper_Driver\Code\build\libraries\SrcWrapper\HAL\stm32yyxx_hal_tim_ex.c.o
                0x0800491c                HAL_TIMEx_OCN_Start
 .text.HAL_TIMEx_PWMN_Start
                0x08004954        0x4 e:\5\Close_Loop_Stepper_Driver\Code\build\libraries\SrcWrapper\HAL\stm32yyxx_hal_tim_ex.c.o
                0x08004954                HAL_TIMEx_PWMN_Start
 .text.HAL_TIMEx_CommutCallback
                0x08004958        0x2 e:\5\Close_Loop_Stepper_Driver\Code\build\libraries\SrcWrapper\HAL\stm32yyxx_hal_tim_ex.c.o
                0x08004958                HAL_TIMEx_CommutCallback
 .text.HAL_TIMEx_BreakCallback
                0x0800495a        0x2 e:\5\Close_Loop_Stepper_Driver\Code\build\libraries\SrcWrapper\HAL\stm32yyxx_hal_tim_ex.c.o
                0x0800495a                HAL_TIMEx_BreakCallback
 .text.HAL_TIMEx_Break2Callback
                0x0800495c        0x2 e:\5\Close_Loop_Stepper_Driver\Code\build\libraries\SrcWrapper\HAL\stm32yyxx_hal_tim_ex.c.o
                0x0800495c                HAL_TIMEx_Break2Callback
 .text.UART_EndRxTransfer
                0x0800495e       0x1c e:\5\Close_Loop_Stepper_Driver\Code\build\libraries\SrcWrapper\HAL\stm32yyxx_hal_uart.c.o
 .text.UART_TxISR_8BIT
                0x0800497a       0x3a e:\5\Close_Loop_Stepper_Driver\Code\build\libraries\SrcWrapper\HAL\stm32yyxx_hal_uart.c.o
 .text.UART_TxISR_16BIT
                0x080049b4       0x3e e:\5\Close_Loop_Stepper_Driver\Code\build\libraries\SrcWrapper\HAL\stm32yyxx_hal_uart.c.o
 .text.HAL_UART_MspInit
                0x080049f2        0x2 e:\5\Close_Loop_Stepper_Driver\Code\build\libraries\SrcWrapper\HAL\stm32yyxx_hal_uart.c.o
                0x080049f2                HAL_UART_MspInit
 .text.HAL_UART_Transmit_IT
                0x080049f4       0x64 e:\5\Close_Loop_Stepper_Driver\Code\build\libraries\SrcWrapper\HAL\stm32yyxx_hal_uart.c.o
                0x080049f4                HAL_UART_Transmit_IT
 .text.HAL_UART_Receive_IT
                0x08004a58       0xb0 e:\5\Close_Loop_Stepper_Driver\Code\build\libraries\SrcWrapper\HAL\stm32yyxx_hal_uart.c.o
                0x08004a58                HAL_UART_Receive_IT
 .text.UART_RxISR_8BIT
                0x08004b08       0x58 e:\5\Close_Loop_Stepper_Driver\Code\build\libraries\SrcWrapper\HAL\stm32yyxx_hal_uart.c.o
 .text.UART_RxISR_16BIT
                0x08004b60       0x54 e:\5\Close_Loop_Stepper_Driver\Code\build\libraries\SrcWrapper\HAL\stm32yyxx_hal_uart.c.o
 .text.HAL_UART_IRQHandler
                0x08004bb4      0x148 e:\5\Close_Loop_Stepper_Driver\Code\build\libraries\SrcWrapper\HAL\stm32yyxx_hal_uart.c.o
                0x08004bb4                HAL_UART_IRQHandler
 .text.UART_DMAAbortOnError
                0x08004cfc       0x14 e:\5\Close_Loop_Stepper_Driver\Code\build\libraries\SrcWrapper\HAL\stm32yyxx_hal_uart.c.o
 .text.HAL_HalfDuplex_EnableTransmitter
                0x08004d10       0x30 e:\5\Close_Loop_Stepper_Driver\Code\build\libraries\SrcWrapper\HAL\stm32yyxx_hal_uart.c.o
                0x08004d10                HAL_HalfDuplex_EnableTransmitter
 .text.HAL_HalfDuplex_EnableReceiver
                0x08004d40       0x30 e:\5\Close_Loop_Stepper_Driver\Code\build\libraries\SrcWrapper\HAL\stm32yyxx_hal_uart.c.o
                0x08004d40                HAL_HalfDuplex_EnableReceiver
 .text.HAL_UART_GetState
                0x08004d70        0x8 e:\5\Close_Loop_Stepper_Driver\Code\build\libraries\SrcWrapper\HAL\stm32yyxx_hal_uart.c.o
                0x08004d70                HAL_UART_GetState
 .text.UART_SetConfig
                0x08004d78      0x23c e:\5\Close_Loop_Stepper_Driver\Code\build\libraries\SrcWrapper\HAL\stm32yyxx_hal_uart.c.o
                0x08004d78                UART_SetConfig
 .text.UART_AdvFeatureConfig
                0x08004fb4       0xa8 e:\5\Close_Loop_Stepper_Driver\Code\build\libraries\SrcWrapper\HAL\stm32yyxx_hal_uart.c.o
                0x08004fb4                UART_AdvFeatureConfig
 .text.UART_WaitOnFlagUntilTimeout
                0x0800505c       0x8a e:\5\Close_Loop_Stepper_Driver\Code\build\libraries\SrcWrapper\HAL\stm32yyxx_hal_uart.c.o
                0x0800505c                UART_WaitOnFlagUntilTimeout
 .text.UART_CheckIdleState
                0x080050e6       0x62 e:\5\Close_Loop_Stepper_Driver\Code\build\libraries\SrcWrapper\HAL\stm32yyxx_hal_uart.c.o
                0x080050e6                UART_CheckIdleState
 .text.HAL_UART_Init
                0x08005148       0x5c e:\5\Close_Loop_Stepper_Driver\Code\build\libraries\SrcWrapper\HAL\stm32yyxx_hal_uart.c.o
                0x08005148                HAL_UART_Init
 .text.HAL_HalfDuplex_Init
                0x080051a4       0x64 e:\5\Close_Loop_Stepper_Driver\Code\build\libraries\SrcWrapper\HAL\stm32yyxx_hal_uart.c.o
                0x080051a4                HAL_HalfDuplex_Init
 .text.set_GPIO_Port_Clock
                0x08005208       0xfc e:\5\Close_Loop_Stepper_Driver\Code\build\libraries\SrcWrapper\stm32\PortNames.c.o
                0x08005208                set_GPIO_Port_Clock
 .text.getCurrentMillis
                0x08005304        0x4 e:\5\Close_Loop_Stepper_Driver\Code\build\libraries\SrcWrapper\stm32\clock.c.o
                0x08005304                getCurrentMillis
 .text.noOsSystickHandler
                0x08005308        0x2 e:\5\Close_Loop_Stepper_Driver\Code\build\libraries\SrcWrapper\stm32\clock.c.o
                0x08005308                osSystickHandler
                0x08005308                noOsSystickHandler
 .text.SysTick_Handler
                0x0800530a       0x10 e:\5\Close_Loop_Stepper_Driver\Code\build\libraries\SrcWrapper\stm32\clock.c.o
                0x0800530a                SysTick_Handler
 *fill*         0x0800531a        0x2 
 .text.dwt_init
                0x0800531c       0x38 e:\5\Close_Loop_Stepper_Driver\Code\build\libraries\SrcWrapper\stm32\dwt.c.o
                0x0800531c                dwt_init
 .text.hw_config_init
                0x08005354       0x12 e:\5\Close_Loop_Stepper_Driver\Code\build\libraries\SrcWrapper\stm32\hw_config.c.o
                0x08005354                hw_config_init
 .text.LL_GPIO_SetPinPull
                0x08005366       0x2a e:\5\Close_Loop_Stepper_Driver\Code\build\libraries\SrcWrapper\stm32\pinmap.c.o
 .text.pin_in_pinmap
                0x08005390       0x1e e:\5\Close_Loop_Stepper_Driver\Code\build\libraries\SrcWrapper\stm32\pinmap.c.o
                0x08005390                pin_in_pinmap
 *fill*         0x080053ae        0x2 
 .text.pin_function
                0x080053b0      0x12c e:\5\Close_Loop_Stepper_Driver\Code\build\libraries\SrcWrapper\stm32\pinmap.c.o
                0x080053b0                pin_function
 .text.pinmap_pinout
                0x080054dc       0x28 e:\5\Close_Loop_Stepper_Driver\Code\build\libraries\SrcWrapper\stm32\pinmap.c.o
                0x080054dc                pinmap_pinout
 .text.pinmap_find_peripheral
                0x08005504       0x18 e:\5\Close_Loop_Stepper_Driver\Code\build\libraries\SrcWrapper\stm32\pinmap.c.o
                0x08005504                pinmap_find_peripheral
 .text.pinmap_peripheral
                0x0800551c        0xc e:\5\Close_Loop_Stepper_Driver\Code\build\libraries\SrcWrapper\stm32\pinmap.c.o
                0x0800551c                pinmap_peripheral
 .text.pinmap_find_pin
                0x08005528       0x18 e:\5\Close_Loop_Stepper_Driver\Code\build\libraries\SrcWrapper\stm32\pinmap.c.o
                0x08005528                pinmap_find_pin
 .text.pinmap_pin
                0x08005540        0xc e:\5\Close_Loop_Stepper_Driver\Code\build\libraries\SrcWrapper\stm32\pinmap.c.o
                0x08005540                pinmap_pin
 .text.pinmap_find_function
                0x0800554c       0x18 e:\5\Close_Loop_Stepper_Driver\Code\build\libraries\SrcWrapper\stm32\pinmap.c.o
                0x0800554c                pinmap_find_function
 .text.pinmap_function
                0x08005564        0xa e:\5\Close_Loop_Stepper_Driver\Code\build\libraries\SrcWrapper\stm32\pinmap.c.o
                0x08005564                pinmap_function
 .text.pinmap_merge_peripheral
                0x0800556e       0x12 e:\5\Close_Loop_Stepper_Driver\Code\build\libraries\SrcWrapper\stm32\pinmap.c.o
                0x0800556e                pinmap_merge_peripheral
 .text.HAL_RTC_AlarmAEventCallback
                0x08005580       0x18 e:\5\Close_Loop_Stepper_Driver\Code\build\libraries\SrcWrapper\stm32\rtc.c.o
                0x08005580                HAL_RTC_AlarmAEventCallback
 .text.RTC_Alarm_IRQHandler
                0x08005598        0xc e:\5\Close_Loop_Stepper_Driver\Code\build\libraries\SrcWrapper\stm32\rtc.c.o
                0x08005598                RTC_Alarm_IRQHandler
 .text._Error_Handler
                0x080055a4        0x2 e:\5\Close_Loop_Stepper_Driver\Code\build\libraries\SrcWrapper\stm32\stm32_def.c.o
                0x080055a4                _Error_Handler
 *fill*         0x080055a6        0x2 
 .text.SystemInit
                0x080055a8       0x68 e:\5\Close_Loop_Stepper_Driver\Code\build\libraries\SrcWrapper\stm32\system_stm32yyxx.c.o
                0x080055a8                SystemInit
 .text.get_timer_obj
                0x08005610        0x4 e:\5\Close_Loop_Stepper_Driver\Code\build\libraries\SrcWrapper\stm32\timer.c.o
                0x08005610                get_timer_obj
 .text.enableTimerClock
                0x08005614      0x160 e:\5\Close_Loop_Stepper_Driver\Code\build\libraries\SrcWrapper\stm32\timer.c.o
                0x08005614                enableTimerClock
 .text.disableTimerClock
                0x08005774       0xe4 e:\5\Close_Loop_Stepper_Driver\Code\build\libraries\SrcWrapper\stm32\timer.c.o
                0x08005774                disableTimerClock
 .text.getTimerUpIrq
                0x08005858       0xa4 e:\5\Close_Loop_Stepper_Driver\Code\build\libraries\SrcWrapper\stm32\timer.c.o
                0x08005858                getTimerUpIrq
 .text.getTimerCCIrq
                0x080058fc       0xa8 e:\5\Close_Loop_Stepper_Driver\Code\build\libraries\SrcWrapper\stm32\timer.c.o
                0x080058fc                getTimerCCIrq
 .text.HAL_TIM_Base_MspInit
                0x080059a4       0x50 e:\5\Close_Loop_Stepper_Driver\Code\build\libraries\SrcWrapper\stm32\timer.c.o
                0x080059a4                HAL_TIM_Base_MspInit
 .text.getTimerClkSrc
                0x080059f4       0x74 e:\5\Close_Loop_Stepper_Driver\Code\build\libraries\SrcWrapper\stm32\timer.c.o
                0x080059f4                getTimerClkSrc
 .text.uart_init.part.0
                0x08005a68      0x1c4 e:\5\Close_Loop_Stepper_Driver\Code\build\libraries\SrcWrapper\stm32\uart.c.o
 .text.uart_init
                0x08005c2c        0x8 e:\5\Close_Loop_Stepper_Driver\Code\build\libraries\SrcWrapper\stm32\uart.c.o
                0x08005c2c                uart_init
 .text.serial_rx_active
                0x08005c34       0x24 e:\5\Close_Loop_Stepper_Driver\Code\build\libraries\SrcWrapper\stm32\uart.c.o
                0x08005c34                serial_rx_active
 .text.serial_tx_active
                0x08005c58       0x24 e:\5\Close_Loop_Stepper_Driver\Code\build\libraries\SrcWrapper\stm32\uart.c.o
                0x08005c58                serial_tx_active
 .text.uart_getc
                0x08005c7c       0x38 e:\5\Close_Loop_Stepper_Driver\Code\build\libraries\SrcWrapper\stm32\uart.c.o
                0x08005c7c                uart_getc
 .text.uart_attach_rx_callback
                0x08005cb4       0x50 e:\5\Close_Loop_Stepper_Driver\Code\build\libraries\SrcWrapper\stm32\uart.c.o
                0x08005cb4                uart_attach_rx_callback
 .text.uart_attach_tx_callback
                0x08005d04       0x4c e:\5\Close_Loop_Stepper_Driver\Code\build\libraries\SrcWrapper\stm32\uart.c.o
                0x08005d04                uart_attach_tx_callback
 .text.uart_enable_tx
                0x08005d50       0x20 e:\5\Close_Loop_Stepper_Driver\Code\build\libraries\SrcWrapper\stm32\uart.c.o
                0x08005d50                uart_enable_tx
 .text.uart_enable_rx
                0x08005d70       0x20 e:\5\Close_Loop_Stepper_Driver\Code\build\libraries\SrcWrapper\stm32\uart.c.o
                0x08005d70                uart_enable_rx
 .text.HAL_UART_RxCpltCallback
                0x08005d90        0x8 e:\5\Close_Loop_Stepper_Driver\Code\build\libraries\SrcWrapper\stm32\uart.c.o
                0x08005d90                HAL_UART_RxCpltCallback
 .text.HAL_UART_TxCpltCallback
                0x08005d98       0x2a e:\5\Close_Loop_Stepper_Driver\Code\build\libraries\SrcWrapper\stm32\uart.c.o
                0x08005d98                HAL_UART_TxCpltCallback
 .text.HAL_UART_ErrorCallback
                0x08005dc2       0x48 e:\5\Close_Loop_Stepper_Driver\Code\build\libraries\SrcWrapper\stm32\uart.c.o
                0x08005dc2                HAL_UART_ErrorCallback
 *fill*         0x08005e0a        0x2 
 .text.USART1_IRQHandler
                0x08005e0c       0x18 e:\5\Close_Loop_Stepper_Driver\Code\build\libraries\SrcWrapper\stm32\uart.c.o
                0x08005e0c                USART1_IRQHandler
 .text.USART2_IRQHandler
                0x08005e24       0x18 e:\5\Close_Loop_Stepper_Driver\Code\build\libraries\SrcWrapper\stm32\uart.c.o
                0x08005e24                USART2_IRQHandler
 .text.USART3_IRQHandler
                0x08005e3c       0x1c e:\5\Close_Loop_Stepper_Driver\Code\build\libraries\SrcWrapper\stm32\uart.c.o
                0x08005e3c                USART3_IRQHandler
 .text.UART4_IRQHandler
                0x08005e58       0x18 e:\5\Close_Loop_Stepper_Driver\Code\build\libraries\SrcWrapper\stm32\uart.c.o
                0x08005e58                UART4_IRQHandler
 .text.UART5_IRQHandler
                0x08005e70       0x18 e:\5\Close_Loop_Stepper_Driver\Code\build\libraries\SrcWrapper\stm32\uart.c.o
                0x08005e70                UART5_IRQHandler
 .text.HAL_UARTEx_WakeupCallback
                0x08005e88        0xa e:\5\Close_Loop_Stepper_Driver\Code\build\libraries\SrcWrapper\stm32\uart.c.o
                0x08005e88                HAL_UARTEx_WakeupCallback
 *fill*         0x08005e92        0x2 
 .text.HAL_DAC_MspDeInit
                0x08005e94       0x2c e:\5\Close_Loop_Stepper_Driver\Code\build\libraries\SrcWrapper\stm32\analog.cpp.o
                0x08005e94                HAL_DAC_MspDeInit
 .text.dac_stop
                0x08005ec0       0x38 e:\5\Close_Loop_Stepper_Driver\Code\build\libraries\SrcWrapper\stm32\analog.cpp.o
                0x08005ec0                dac_stop
 .text.HAL_ADC_MspInit
                0x08005ef8       0xcc e:\5\Close_Loop_Stepper_Driver\Code\build\libraries\SrcWrapper\stm32\analog.cpp.o
                0x08005ef8                HAL_ADC_MspInit
 .text.HAL_ADC_MspDeInit
                0x08005fc4       0x7c e:\5\Close_Loop_Stepper_Driver\Code\build\libraries\SrcWrapper\stm32\analog.cpp.o
                0x08005fc4                HAL_ADC_MspDeInit
 .text.adc_read_value
                0x08006040      0x178 e:\5\Close_Loop_Stepper_Driver\Code\build\libraries\SrcWrapper\stm32\analog.cpp.o
                0x08006040                adc_read_value
 .text.pwm_stop
                0x080061b8       0x60 e:\5\Close_Loop_Stepper_Driver\Code\build\libraries\SrcWrapper\stm32\analog.cpp.o
                0x080061b8                pwm_stop
 .text._ZNSt14_Function_baseD2Ev
                0x08006218       0x12 e:\5\Close_Loop_Stepper_Driver\Code\build\libraries\SrcWrapper\stm32\interrupt.cpp.o
                0x08006218                std::_Function_base::~_Function_base()
                0x08006218                std::_Function_base::~_Function_base()
 *fill*         0x0800622a        0x2 
 .text.HAL_GPIO_EXTI_Callback
                0x0800622c       0x2c e:\5\Close_Loop_Stepper_Driver\Code\build\libraries\SrcWrapper\stm32\interrupt.cpp.o
                0x0800622c                HAL_GPIO_EXTI_Callback
 .text.EXTI0_IRQHandler
                0x08006258        0x6 e:\5\Close_Loop_Stepper_Driver\Code\build\libraries\SrcWrapper\stm32\interrupt.cpp.o
                0x08006258                EXTI0_IRQHandler
 .text.EXTI1_IRQHandler
                0x0800625e        0x6 e:\5\Close_Loop_Stepper_Driver\Code\build\libraries\SrcWrapper\stm32\interrupt.cpp.o
                0x0800625e                EXTI1_IRQHandler
 .text.EXTI3_IRQHandler
                0x08006264        0x6 e:\5\Close_Loop_Stepper_Driver\Code\build\libraries\SrcWrapper\stm32\interrupt.cpp.o
                0x08006264                EXTI3_IRQHandler
 .text.EXTI4_IRQHandler
                0x0800626a        0x6 e:\5\Close_Loop_Stepper_Driver\Code\build\libraries\SrcWrapper\stm32\interrupt.cpp.o
                0x0800626a                EXTI4_IRQHandler
 .text.EXTI9_5_IRQHandler
                0x08006270       0x16 e:\5\Close_Loop_Stepper_Driver\Code\build\libraries\SrcWrapper\stm32\interrupt.cpp.o
                0x08006270                EXTI9_5_IRQHandler
 .text.EXTI15_10_IRQHandler
                0x08006286       0x18 e:\5\Close_Loop_Stepper_Driver\Code\build\libraries\SrcWrapper\stm32\interrupt.cpp.o
                0x08006286                EXTI15_10_IRQHandler
 *fill*         0x0800629e        0x2 
 .text.startup._GLOBAL__sub_I__Z22stm32_interrupt_enableP12GPIO_TypeDeftSt8functionIFvvEEm
                0x080062a0       0x88 e:\5\Close_Loop_Stepper_Driver\Code\build\libraries\SrcWrapper\stm32\interrupt.cpp.o
 .text.exit._GLOBAL__sub_D__Z22stm32_interrupt_enableP12GPIO_TypeDeftSt8functionIFvvEEm
                0x08006328       0x1c e:\5\Close_Loop_Stepper_Driver\Code\build\libraries\SrcWrapper\stm32\interrupt.cpp.o
 .text._ZN8SPIClass6pinIdxEhNS_12pin_option_tE
                0x08006344       0x44 e:\5\Close_Loop_Stepper_Driver\Code\build\libraries\SPI\SPI.cpp.o
                0x08006344                SPIClass::pinIdx(unsigned char, SPIClass::pin_option_t)
 .text._ZN8SPIClassC2Ev
                0x08006388       0x44 e:\5\Close_Loop_Stepper_Driver\Code\build\libraries\SPI\SPI.cpp.o
                0x08006388                SPIClass::SPIClass()
                0x08006388                SPIClass::SPIClass()
 .text._ZN8SPIClass5beginEh
                0x080063cc       0x50 e:\5\Close_Loop_Stepper_Driver\Code\build\libraries\SPI\SPI.cpp.o
                0x080063cc                SPIClass::begin(unsigned char)
 .text._ZN8SPIClass16beginTransactionEh11SPISettings
                0x0800641c       0x72 e:\5\Close_Loop_Stepper_Driver\Code\build\libraries\SPI\SPI.cpp.o
                0x0800641c                SPIClass::beginTransaction(unsigned char, SPISettings)
 *fill*         0x0800648e        0x2 
 .text._ZN8SPIClass14endTransactionEh
                0x08006490       0x38 e:\5\Close_Loop_Stepper_Driver\Code\build\libraries\SPI\SPI.cpp.o
                0x08006490                SPIClass::endTransaction(unsigned char)
 .text._ZN8SPIClass8transferEhh15SPITransferMode
                0x080064c8       0x92 e:\5\Close_Loop_Stepper_Driver\Code\build\libraries\SPI\SPI.cpp.o
                0x080064c8                SPIClass::transfer(unsigned char, unsigned char, SPITransferMode)
 *fill*         0x0800655a        0x2 
 .text.startup._GLOBAL__sub_I_SPI
                0x0800655c        0xc e:\5\Close_Loop_Stepper_Driver\Code\build\libraries\SPI\SPI.cpp.o
 .text.LL_GPIO_SetPinPull
                0x08006568       0x2a e:\5\Close_Loop_Stepper_Driver\Code\build\libraries\SPI\utility\spi_com.c.o
 *fill*         0x08006592        0x2 
 .text.spi_getClkFreqInst
                0x08006594       0x38 e:\5\Close_Loop_Stepper_Driver\Code\build\libraries\SPI\utility\spi_com.c.o
                0x08006594                spi_getClkFreqInst
 .text.spi_init
                0x080065cc      0x230 e:\5\Close_Loop_Stepper_Driver\Code\build\libraries\SPI\utility\spi_com.c.o
                0x080065cc                spi_init
 .text.spi_transfer
                0x080067fc       0x1e e:\5\Close_Loop_Stepper_Driver\Code\build\libraries\SPI\utility\spi_com.c.o
                0x080067fc                spi_transfer
 *fill*         0x0800681a        0x2 
 .text._ZN7TwoWire9availableEv
                0x0800681c       0x14 e:\5\Close_Loop_Stepper_Driver\Code\build\libraries\Wire\Wire.cpp.o
                0x0800681c                TwoWire::available()
 .text._ZN7TwoWire4readEv
                0x08006830       0x2c e:\5\Close_Loop_Stepper_Driver\Code\build\libraries\Wire\Wire.cpp.o
                0x08006830                TwoWire::read()
 .text._ZN7TwoWire4peekEv
                0x0800685c       0x24 e:\5\Close_Loop_Stepper_Driver\Code\build\libraries\Wire\Wire.cpp.o
                0x0800685c                TwoWire::peek()
 .text._ZN7TwoWire16onRequestServiceEv
                0x08006880       0x20 e:\5\Close_Loop_Stepper_Driver\Code\build\libraries\Wire\Wire.cpp.o
                0x08006880                TwoWire::onRequestService()
 .text._ZN7TwoWire16allocateTxBufferEj.isra.0.part.0
                0x080068a0       0x38 e:\5\Close_Loop_Stepper_Driver\Code\build\libraries\Wire\Wire.cpp.o
 .text._ZN7TwoWire5writeEh
                0x080068d8       0x70 e:\5\Close_Loop_Stepper_Driver\Code\build\libraries\Wire\Wire.cpp.o
                0x080068d8                TwoWire::write(unsigned char)
 .text._ZN7TwoWire13resetRxBufferEv.isra.0
                0x08006948       0x1c e:\5\Close_Loop_Stepper_Driver\Code\build\libraries\Wire\Wire.cpp.o
 .text._ZN7TwoWire13resetTxBufferEv.isra.0
                0x08006964       0x1c e:\5\Close_Loop_Stepper_Driver\Code\build\libraries\Wire\Wire.cpp.o
 .text._ZN7TwoWire5flushEv
                0x08006980       0x30 e:\5\Close_Loop_Stepper_Driver\Code\build\libraries\Wire\Wire.cpp.o
                0x08006980                TwoWire::flush()
 .text._ZN7TwoWire5writeEPKhj
                0x080069b0       0x70 e:\5\Close_Loop_Stepper_Driver\Code\build\libraries\Wire\Wire.cpp.o
                0x080069b0                TwoWire::write(unsigned char const*, unsigned int)
 .text._ZN7TwoWireC2Ev
                0x08006a20       0x28 e:\5\Close_Loop_Stepper_Driver\Code\build\libraries\Wire\Wire.cpp.o
                0x08006a20                TwoWire::TwoWire()
                0x08006a20                TwoWire::TwoWire()
 .text._ZN7TwoWire5beginEhb
                0x08006a48       0x8c e:\5\Close_Loop_Stepper_Driver\Code\build\libraries\Wire\Wire.cpp.o
                0x08006a48                TwoWire::begin(unsigned char, bool)
 .text._ZN7TwoWire5beginEb
                0x08006ad4        0x8 e:\5\Close_Loop_Stepper_Driver\Code\build\libraries\Wire\Wire.cpp.o
                0x08006ad4                TwoWire::begin(bool)
 .text._ZN7TwoWire8setClockEm
                0x08006adc        0x6 e:\5\Close_Loop_Stepper_Driver\Code\build\libraries\Wire\Wire.cpp.o
                0x08006adc                TwoWire::setClock(unsigned long)
 *fill*         0x08006ae2        0x2 
 .text._ZN7TwoWire17beginTransmissionEh
                0x08006ae4       0x28 e:\5\Close_Loop_Stepper_Driver\Code\build\libraries\Wire\Wire.cpp.o
                0x08006ae4                TwoWire::beginTransmission(unsigned char)
 .text._ZN7TwoWire17beginTransmissionEi
                0x08006b0c        0x6 e:\5\Close_Loop_Stepper_Driver\Code\build\libraries\Wire\Wire.cpp.o
                0x08006b0c                TwoWire::beginTransmission(int)
 *fill*         0x08006b12        0x2 
 .text._ZN7TwoWire15endTransmissionEh
                0x08006b14       0x5c e:\5\Close_Loop_Stepper_Driver\Code\build\libraries\Wire\Wire.cpp.o
                0x08006b14                TwoWire::endTransmission(unsigned char)
 .text._ZN7TwoWire15endTransmissionEv
                0x08006b70        0x6 e:\5\Close_Loop_Stepper_Driver\Code\build\libraries\Wire\Wire.cpp.o
                0x08006b70                TwoWire::endTransmission()
 *fill*         0x08006b76        0x2 
 .text._ZN7TwoWire16allocateRxBufferEj
                0x08006b78       0x3c e:\5\Close_Loop_Stepper_Driver\Code\build\libraries\Wire\Wire.cpp.o
                0x08006b78                TwoWire::allocateRxBuffer(unsigned int)
 .text._ZN7TwoWire16onReceiveServiceEPhi
                0x08006bb4       0x68 e:\5\Close_Loop_Stepper_Driver\Code\build\libraries\Wire\Wire.cpp.o
                0x08006bb4                TwoWire::onReceiveService(unsigned char*, int)
 .text.startup._GLOBAL__sub_I__ZN7TwoWire8rxBufferE
                0x08006c1c        0xc e:\5\Close_Loop_Stepper_Driver\Code\build\libraries\Wire\Wire.cpp.o
 .text.i2c_getClkFreq
                0x08006c28       0x58 e:\5\Close_Loop_Stepper_Driver\Code\build\libraries\Wire\utility\twi.c.o
 .text.i2c_computeTiming
                0x08006c80      0x224 e:\5\Close_Loop_Stepper_Driver\Code\build\libraries\Wire\utility\twi.c.o
 .text.i2c_getTiming
                0x08006ea4       0x48 e:\5\Close_Loop_Stepper_Driver\Code\build\libraries\Wire\utility\twi.c.o
 .text.i2c_custom_init
                0x08006eec      0x1a0 e:\5\Close_Loop_Stepper_Driver\Code\build\libraries\Wire\utility\twi.c.o
                0x08006eec                i2c_custom_init
 .text.i2c_setTiming
                0x0800708c       0x26 e:\5\Close_Loop_Stepper_Driver\Code\build\libraries\Wire\utility\twi.c.o
                0x0800708c                i2c_setTiming
 .text.i2c_slave_write_IT
                0x080070b2       0x28 e:\5\Close_Loop_Stepper_Driver\Code\build\libraries\Wire\utility\twi.c.o
                0x080070b2                i2c_slave_write_IT
 .text.i2c_IsDeviceReady
                0x080070da       0x40 e:\5\Close_Loop_Stepper_Driver\Code\build\libraries\Wire\utility\twi.c.o
                0x080070da                i2c_IsDeviceReady
 .text.i2c_master_write
                0x0800711a       0x7a e:\5\Close_Loop_Stepper_Driver\Code\build\libraries\Wire\utility\twi.c.o
                0x0800711a                i2c_master_write
 .text.i2c_attachSlaveRxEvent
                0x08007194        0xe e:\5\Close_Loop_Stepper_Driver\Code\build\libraries\Wire\utility\twi.c.o
                0x08007194                i2c_attachSlaveRxEvent
 .text.i2c_attachSlaveTxEvent
                0x080071a2        0xe e:\5\Close_Loop_Stepper_Driver\Code\build\libraries\Wire\utility\twi.c.o
                0x080071a2                i2c_attachSlaveTxEvent
 .text.HAL_I2C_AddrCallback
                0x080071b0       0x4e e:\5\Close_Loop_Stepper_Driver\Code\build\libraries\Wire\utility\twi.c.o
                0x080071b0                HAL_I2C_AddrCallback
 .text.HAL_I2C_ListenCpltCallback
                0x080071fe       0x2c e:\5\Close_Loop_Stepper_Driver\Code\build\libraries\Wire\utility\twi.c.o
                0x080071fe                HAL_I2C_ListenCpltCallback
 .text.HAL_I2C_SlaveRxCpltCallback
                0x0800722a       0x26 e:\5\Close_Loop_Stepper_Driver\Code\build\libraries\Wire\utility\twi.c.o
                0x0800722a                HAL_I2C_SlaveRxCpltCallback
 .text.HAL_I2C_SlaveTxCpltCallback
                0x08007250        0x8 e:\5\Close_Loop_Stepper_Driver\Code\build\libraries\Wire\utility\twi.c.o
                0x08007250                HAL_I2C_SlaveTxCpltCallback
 .text.HAL_I2C_ErrorCallback
                0x08007258        0xc e:\5\Close_Loop_Stepper_Driver\Code\build\libraries\Wire\utility\twi.c.o
                0x08007258                HAL_I2C_ErrorCallback
 .text.I2C1_EV_IRQHandler
                0x08007264        0xc e:\5\Close_Loop_Stepper_Driver\Code\build\libraries\Wire\utility\twi.c.o
                0x08007264                I2C1_EV_IRQHandler
 .text.I2C1_ER_IRQHandler
                0x08007270        0xc e:\5\Close_Loop_Stepper_Driver\Code\build\libraries\Wire\utility\twi.c.o
                0x08007270                I2C1_ER_IRQHandler
 .text.I2C2_EV_IRQHandler
                0x0800727c        0xc e:\5\Close_Loop_Stepper_Driver\Code\build\libraries\Wire\utility\twi.c.o
                0x0800727c                I2C2_EV_IRQHandler
 .text.I2C2_ER_IRQHandler
                0x08007288        0xc e:\5\Close_Loop_Stepper_Driver\Code\build\libraries\Wire\utility\twi.c.o
                0x08007288                I2C2_ER_IRQHandler
 .text.I2C3_EV_IRQHandler
                0x08007294        0xc e:\5\Close_Loop_Stepper_Driver\Code\build\libraries\Wire\utility\twi.c.o
                0x08007294                I2C3_EV_IRQHandler
 .text.I2C3_ER_IRQHandler
                0x080072a0        0xc e:\5\Close_Loop_Stepper_Driver\Code\build\libraries\Wire\utility\twi.c.o
                0x080072a0                I2C3_ER_IRQHandler
 .text._ZN12Adafruit_GFX9writeLineEsssst
                0x080072ac       0xbc e:\5\Close_Loop_Stepper_Driver\Code\build\libraries\Adafruit_GFX_Library\Adafruit_GFX.cpp.o
                0x080072ac                Adafruit_GFX::writeLine(short, short, short, short, unsigned short)
 .text._ZN12Adafruit_GFX10startWriteEv
                0x08007368        0x2 e:\5\Close_Loop_Stepper_Driver\Code\build\libraries\Adafruit_GFX_Library\Adafruit_GFX.cpp.o
                0x08007368                Adafruit_GFX::startWrite()
                0x08007368                Adafruit_GFX::endWrite()
 .text._ZN12Adafruit_GFX10writePixelEsst
                0x0800736a        0xe e:\5\Close_Loop_Stepper_Driver\Code\build\libraries\Adafruit_GFX_Library\Adafruit_GFX.cpp.o
                0x0800736a                Adafruit_GFX::writePixel(short, short, unsigned short)
 .text._ZN12Adafruit_GFX14writeFastVLineEssst
                0x08007378       0x12 e:\5\Close_Loop_Stepper_Driver\Code\build\libraries\Adafruit_GFX_Library\Adafruit_GFX.cpp.o
                0x08007378                Adafruit_GFX::writeFastVLine(short, short, short, unsigned short)
 .text._ZN12Adafruit_GFX14writeFastHLineEssst
                0x0800738a       0x12 e:\5\Close_Loop_Stepper_Driver\Code\build\libraries\Adafruit_GFX_Library\Adafruit_GFX.cpp.o
                0x0800738a                Adafruit_GFX::writeFastHLine(short, short, short, unsigned short)
 .text._ZN12Adafruit_GFX13writeFillRectEsssst
                0x0800739c       0x18 e:\5\Close_Loop_Stepper_Driver\Code\build\libraries\Adafruit_GFX_Library\Adafruit_GFX.cpp.o
                0x0800739c                Adafruit_GFX::writeFillRect(short, short, short, short, unsigned short)
 .text._ZN12Adafruit_GFX13drawFastVLineEssst
                0x080073b4       0x3e e:\5\Close_Loop_Stepper_Driver\Code\build\libraries\Adafruit_GFX_Library\Adafruit_GFX.cpp.o
                0x080073b4                Adafruit_GFX::drawFastVLine(short, short, short, unsigned short)
 .text._ZN12Adafruit_GFX13drawFastHLineEssst
                0x080073f2       0x3a e:\5\Close_Loop_Stepper_Driver\Code\build\libraries\Adafruit_GFX_Library\Adafruit_GFX.cpp.o
                0x080073f2                Adafruit_GFX::drawFastHLine(short, short, short, unsigned short)
 .text._ZN12Adafruit_GFX8fillRectEsssst
                0x0800742c       0x46 e:\5\Close_Loop_Stepper_Driver\Code\build\libraries\Adafruit_GFX_Library\Adafruit_GFX.cpp.o
                0x0800742c                Adafruit_GFX::fillRect(short, short, short, short, unsigned short)
 .text._ZN12Adafruit_GFX10fillScreenEt
                0x08007472       0x1c e:\5\Close_Loop_Stepper_Driver\Code\build\libraries\Adafruit_GFX_Library\Adafruit_GFX.cpp.o
                0x08007472                Adafruit_GFX::fillScreen(unsigned short)
 .text._ZN12Adafruit_GFX8drawRectEsssst
                0x0800748e       0x80 e:\5\Close_Loop_Stepper_Driver\Code\build\libraries\Adafruit_GFX_Library\Adafruit_GFX.cpp.o
                0x0800748e                Adafruit_GFX::drawRect(short, short, short, short, unsigned short)
 .text._ZN12Adafruit_GFX13invertDisplayEb
                0x0800750e        0x2 e:\5\Close_Loop_Stepper_Driver\Code\build\libraries\Adafruit_GFX_Library\Adafruit_GFX.cpp.o
                0x0800750e                Adafruit_GFX::invertDisplay(bool)
 .text._ZN12Adafruit_GFX8drawLineEsssst
                0x08007510       0x84 e:\5\Close_Loop_Stepper_Driver\Code\build\libraries\Adafruit_GFX_Library\Adafruit_GFX.cpp.o
                0x08007510                Adafruit_GFX::drawLine(short, short, short, short, unsigned short)
 .text._ZN12Adafruit_GFX11setRotationEh
                0x08007594       0x1c e:\5\Close_Loop_Stepper_Driver\Code\build\libraries\Adafruit_GFX_Library\Adafruit_GFX.cpp.o
                0x08007594                Adafruit_GFX::setRotation(unsigned char)
 .text._ZN12Adafruit_GFXC2Ess
                0x080075b0       0x28 e:\5\Close_Loop_Stepper_Driver\Code\build\libraries\Adafruit_GFX_Library\Adafruit_GFX.cpp.o
                0x080075b0                Adafruit_GFX::Adafruit_GFX(short, short)
                0x080075b0                Adafruit_GFX::Adafruit_GFX(short, short)
 .text._ZN12Adafruit_GFX10drawBitmapEssPKhsst
                0x080075d8       0xa8 e:\5\Close_Loop_Stepper_Driver\Code\build\libraries\Adafruit_GFX_Library\Adafruit_GFX.cpp.o
                0x080075d8                Adafruit_GFX::drawBitmap(short, short, unsigned char const*, short, short, unsigned short)
 .text._ZN12Adafruit_GFX8drawCharEsshtth
                0x08007680      0x2b8 e:\5\Close_Loop_Stepper_Driver\Code\build\libraries\Adafruit_GFX_Library\Adafruit_GFX.cpp.o
                0x08007680                Adafruit_GFX::drawChar(short, short, unsigned char, unsigned short, unsigned short, unsigned char)
 .text._ZN12Adafruit_GFX5writeEh
                0x08007938       0xf6 e:\5\Close_Loop_Stepper_Driver\Code\build\libraries\Adafruit_GFX_Library\Adafruit_GFX.cpp.o
                0x08007938                Adafruit_GFX::write(unsigned char)
 .text._ZN12Adafruit_GFX9setCursorEss
                0x08007a2e        0x6 e:\5\Close_Loop_Stepper_Driver\Code\build\libraries\Adafruit_GFX_Library\Adafruit_GFX.cpp.o
                0x08007a2e                Adafruit_GFX::setCursor(short, short)
 .text._ZN12Adafruit_GFX11setTextSizeEh
                0x08007a34        0xa e:\5\Close_Loop_Stepper_Driver\Code\build\libraries\Adafruit_GFX_Library\Adafruit_GFX.cpp.o
                0x08007a34                Adafruit_GFX::setTextSize(unsigned char)
 .text._ZN12Adafruit_GFX12setTextColorEt
                0x08007a3e        0x6 e:\5\Close_Loop_Stepper_Driver\Code\build\libraries\Adafruit_GFX_Library\Adafruit_GFX.cpp.o
                0x08007a3e                Adafruit_GFX::setTextColor(unsigned short)
 .text._ZNK12Adafruit_GFX11getRotationEv
                0x08007a44        0x4 e:\5\Close_Loop_Stepper_Driver\Code\build\libraries\Adafruit_GFX_Library\Adafruit_GFX.cpp.o
                0x08007a44                Adafruit_GFX::getRotation() const
 .text._ZNK12Adafruit_GFX5widthEv
                0x08007a48        0x6 e:\5\Close_Loop_Stepper_Driver\Code\build\libraries\Adafruit_GFX_Library\Adafruit_GFX.cpp.o
                0x08007a48                Adafruit_GFX::width() const
 .text._ZNK12Adafruit_GFX6heightEv
                0x08007a4e        0x6 e:\5\Close_Loop_Stepper_Driver\Code\build\libraries\Adafruit_GFX_Library\Adafruit_GFX.cpp.o
                0x08007a4e                Adafruit_GFX::height() const
 .text._ZN11SPISettingsC2Em8BitOrderh
                0x08007a54       0x18 e:\5\Close_Loop_Stepper_Driver\Code\build\libraries\Adafruit_GFX_Library\Adafruit_SPITFT.cpp.o
                0x08007a54                SPISettings::SPISettings(unsigned long, BitOrder, unsigned char)
                0x08007a54                SPISettings::SPISettings(unsigned long, BitOrder, unsigned char)
 .text._ZN16Adafruit_SSD13069drawPixelEsst
                0x08007a6c       0xcc e:\5\Close_Loop_Stepper_Driver\Code\build\libraries\Adafruit_SSD1306\Adafruit_SSD1306.cpp.o
                0x08007a6c                Adafruit_SSD1306::drawPixel(short, short, unsigned short)
 .text._ZN8SPIClass16beginTransactionE11SPISettings
                0x08007b38       0x1c e:\5\Close_Loop_Stepper_Driver\Code\build\libraries\Adafruit_SSD1306\Adafruit_SSD1306.cpp.o
                0x08007b38                SPIClass::beginTransaction(SPISettings)
 .text._ZN8SPIClass14endTransactionEv
                0x08007b54        0x6 e:\5\Close_Loop_Stepper_Driver\Code\build\libraries\Adafruit_SSD1306\Adafruit_SSD1306.cpp.o
                0x08007b54                SPIClass::endTransaction()
 *fill*         0x08007b5a        0x2 
 .text._ZN16Adafruit_SSD1306C2EhhP8SPIClassaaam
                0x08007b5c       0x7c e:\5\Close_Loop_Stepper_Driver\Code\build\libraries\Adafruit_SSD1306\Adafruit_SSD1306.cpp.o
                0x08007b5c                Adafruit_SSD1306::Adafruit_SSD1306(unsigned char, unsigned char, SPIClass*, signed char, signed char, signed char, unsigned long)
                0x08007b5c                Adafruit_SSD1306::Adafruit_SSD1306(unsigned char, unsigned char, SPIClass*, signed char, signed char, signed char, unsigned long)
 .text._ZN16Adafruit_SSD1306D2Ev
                0x08007bd8       0x10 e:\5\Close_Loop_Stepper_Driver\Code\build\libraries\Adafruit_SSD1306\Adafruit_SSD1306.cpp.o
                0x08007bd8                Adafruit_SSD1306::~Adafruit_SSD1306()
                0x08007bd8                Adafruit_SSD1306::~Adafruit_SSD1306()
 .text._ZN16Adafruit_SSD130616ssd1306_command1Eh
                0x08007be8       0x88 e:\5\Close_Loop_Stepper_Driver\Code\build\libraries\Adafruit_SSD1306\Adafruit_SSD1306.cpp.o
                0x08007be8                Adafruit_SSD1306::ssd1306_command1(unsigned char)
 .text._ZN16Adafruit_SSD130613invertDisplayEb
                0x08007c70       0x5c e:\5\Close_Loop_Stepper_Driver\Code\build\libraries\Adafruit_SSD1306\Adafruit_SSD1306.cpp.o
                0x08007c70                Adafruit_SSD1306::invertDisplay(bool)
 .text._ZN16Adafruit_SSD130619ssd1306_commandListEPKhh
                0x08007ccc       0xc6 e:\5\Close_Loop_Stepper_Driver\Code\build\libraries\Adafruit_SSD1306\Adafruit_SSD1306.cpp.o
                0x08007ccc                Adafruit_SSD1306::ssd1306_commandList(unsigned char const*, unsigned char)
 .text._ZN16Adafruit_SSD130612clearDisplayEv
                0x08007d92       0x1c e:\5\Close_Loop_Stepper_Driver\Code\build\libraries\Adafruit_SSD1306\Adafruit_SSD1306.cpp.o
                0x08007d92                Adafruit_SSD1306::clearDisplay()
 *fill*         0x08007dae        0x2 
 .text._ZN16Adafruit_SSD13065beginEhhbb
                0x08007db0      0x45c e:\5\Close_Loop_Stepper_Driver\Code\build\libraries\Adafruit_SSD1306\Adafruit_SSD1306.cpp.o
                0x08007db0                Adafruit_SSD1306::begin(unsigned char, unsigned char, bool, bool)
 .text._ZN16Adafruit_SSD130621drawFastHLineInternalEssst
                0x0800820c       0x88 e:\5\Close_Loop_Stepper_Driver\Code\build\libraries\Adafruit_SSD1306\Adafruit_SSD1306.cpp.o
                0x0800820c                Adafruit_SSD1306::drawFastHLineInternal(short, short, short, unsigned short)
 .text._ZN16Adafruit_SSD130621drawFastVLineInternalEssst
                0x08008294      0x108 e:\5\Close_Loop_Stepper_Driver\Code\build\libraries\Adafruit_SSD1306\Adafruit_SSD1306.cpp.o
                0x08008294                Adafruit_SSD1306::drawFastVLineInternal(short, short, short, unsigned short)
 .text._ZN16Adafruit_SSD130613drawFastHLineEssst
                0x0800839c       0x4e e:\5\Close_Loop_Stepper_Driver\Code\build\libraries\Adafruit_SSD1306\Adafruit_SSD1306.cpp.o
                0x0800839c                Adafruit_SSD1306::drawFastHLine(short, short, short, unsigned short)
 .text._ZN16Adafruit_SSD130613drawFastVLineEssst
                0x080083ea       0x4e e:\5\Close_Loop_Stepper_Driver\Code\build\libraries\Adafruit_SSD1306\Adafruit_SSD1306.cpp.o
                0x080083ea                Adafruit_SSD1306::drawFastVLine(short, short, short, unsigned short)
 .text._ZN16Adafruit_SSD13067displayEv
                0x08008438      0x148 e:\5\Close_Loop_Stepper_Driver\Code\build\libraries\Adafruit_SSD1306\Adafruit_SSD1306.cpp.o
                0x08008438                Adafruit_SSD1306::display()
 .text.SystemClock_Config
                0x08008580       0x44 e:\5\Close_Loop_Stepper_Driver\Code\build\core\variant.cpp.o
                0x08008580                SystemClock_Config
 .text.Reset_Handler
                0x080085c4       0x50 e:\5\Close_Loop_Stepper_Driver\Code\build\core\core.a(startup_stm32yyxx.S.o)
                0x080085c4                Reset_Handler
 .text.Default_Handler
                0x08008614        0x2 e:\5\Close_Loop_Stepper_Driver\Code\build\core\core.a(startup_stm32yyxx.S.o)
                0x08008614                TIM8_TRG_COM_IRQHandler
                0x08008614                DebugMon_Handler
                0x08008614                SPI4_IRQHandler
                0x08008614                TIM1_CC_IRQHandler
                0x08008614                HardFault_Handler
                0x08008614                USB_HP_IRQHandler
                0x08008614                PVD_IRQHandler
                0x08008614                TAMP_STAMP_IRQHandler
                0x08008614                PendSV_Handler
                0x08008614                NMI_Handler
                0x08008614                USB_HP_CAN_TX_IRQHandler
                0x08008614                FPU_IRQHandler
                0x08008614                UsageFault_Handler
                0x08008614                ADC1_2_IRQHandler
                0x08008614                SPI1_IRQHandler
                0x08008614                CAN_SCE_IRQHandler
                0x08008614                DMA2_Channel2_IRQHandler
                0x08008614                DMA1_Channel4_IRQHandler
                0x08008614                TIM20_TRG_COM_IRQHandler
                0x08008614                DMA1_Channel7_IRQHandler
                0x08008614                ADC3_IRQHandler
                0x08008614                CAN_RX1_IRQHandler
                0x08008614                DMA2_Channel1_IRQHandler
                0x08008614                DMA1_Channel6_IRQHandler
                0x08008614                DMA2_Channel4_IRQHandler
                0x08008614                RCC_IRQHandler
                0x08008614                DMA1_Channel1_IRQHandler
                0x08008614                Default_Handler
                0x08008614                USBWakeUp_RMP_IRQHandler